Archive member included to satisfy reference by file (symbol)

/opt/st/stm32cubeide_1.11.0_2/plugins/com.st.stm32cube.ide.mcu.externaltools.gnu-tools-for-stm32.10.3-2021.10.linux64_1.0.100.202210260954/tools/bin/../lib/gcc/arm-none-eabi/10.3.1/../../../../arm-none-eabi/lib/thumb/v7e-m+fp/hard/libc_nano.a(lib_a-calloc.o)
                              ./Core/Src/main.o (calloc)
/opt/st/stm32cubeide_1.11.0_2/plugins/com.st.stm32cube.ide.mcu.externaltools.gnu-tools-for-stm32.10.3-2021.10.linux64_1.0.100.202210260954/tools/bin/../lib/gcc/arm-none-eabi/10.3.1/../../../../arm-none-eabi/lib/thumb/v7e-m+fp/hard/libc_nano.a(lib_a-errno.o)
                              ./Core/Src/syscalls.o (__errno)
/opt/st/stm32cubeide_1.11.0_2/plugins/com.st.stm32cube.ide.mcu.externaltools.gnu-tools-for-stm32.10.3-2021.10.linux64_1.0.100.202210260954/tools/bin/../lib/gcc/arm-none-eabi/10.3.1/../../../../arm-none-eabi/lib/thumb/v7e-m+fp/hard/libc_nano.a(lib_a-exit.o)
                              /opt/st/stm32cubeide_1.11.0_2/plugins/com.st.stm32cube.ide.mcu.externaltools.gnu-tools-for-stm32.10.3-2021.10.linux64_1.0.100.202210260954/tools/bin/../lib/gcc/arm-none-eabi/10.3.1/../../../../arm-none-eabi/lib/thumb/v7e-m+fp/hard/crt0.o (exit)
/opt/st/stm32cubeide_1.11.0_2/plugins/com.st.stm32cube.ide.mcu.externaltools.gnu-tools-for-stm32.10.3-2021.10.linux64_1.0.100.202210260954/tools/bin/../lib/gcc/arm-none-eabi/10.3.1/../../../../arm-none-eabi/lib/thumb/v7e-m+fp/hard/libc_nano.a(lib_a-impure.o)
                              /opt/st/stm32cubeide_1.11.0_2/plugins/com.st.stm32cube.ide.mcu.externaltools.gnu-tools-for-stm32.10.3-2021.10.linux64_1.0.100.202210260954/tools/bin/../lib/gcc/arm-none-eabi/10.3.1/../../../../arm-none-eabi/lib/thumb/v7e-m+fp/hard/libc_nano.a(lib_a-exit.o) (_global_impure_ptr)
/opt/st/stm32cubeide_1.11.0_2/plugins/com.st.stm32cube.ide.mcu.externaltools.gnu-tools-for-stm32.10.3-2021.10.linux64_1.0.100.202210260954/tools/bin/../lib/gcc/arm-none-eabi/10.3.1/../../../../arm-none-eabi/lib/thumb/v7e-m+fp/hard/libc_nano.a(lib_a-init.o)
                              /opt/st/stm32cubeide_1.11.0_2/plugins/com.st.stm32cube.ide.mcu.externaltools.gnu-tools-for-stm32.10.3-2021.10.linux64_1.0.100.202210260954/tools/bin/../lib/gcc/arm-none-eabi/10.3.1/../../../../arm-none-eabi/lib/thumb/v7e-m+fp/hard/crt0.o (__libc_init_array)
/opt/st/stm32cubeide_1.11.0_2/plugins/com.st.stm32cube.ide.mcu.externaltools.gnu-tools-for-stm32.10.3-2021.10.linux64_1.0.100.202210260954/tools/bin/../lib/gcc/arm-none-eabi/10.3.1/../../../../arm-none-eabi/lib/thumb/v7e-m+fp/hard/libc_nano.a(lib_a-memset.o)
                              /opt/st/stm32cubeide_1.11.0_2/plugins/com.st.stm32cube.ide.mcu.externaltools.gnu-tools-for-stm32.10.3-2021.10.linux64_1.0.100.202210260954/tools/bin/../lib/gcc/arm-none-eabi/10.3.1/../../../../arm-none-eabi/lib/thumb/v7e-m+fp/hard/crt0.o (memset)
/opt/st/stm32cubeide_1.11.0_2/plugins/com.st.stm32cube.ide.mcu.externaltools.gnu-tools-for-stm32.10.3-2021.10.linux64_1.0.100.202210260954/tools/bin/../lib/gcc/arm-none-eabi/10.3.1/../../../../arm-none-eabi/lib/thumb/v7e-m+fp/hard/libc_nano.a(lib_a-nano-callocr.o)
                              /opt/st/stm32cubeide_1.11.0_2/plugins/com.st.stm32cube.ide.mcu.externaltools.gnu-tools-for-stm32.10.3-2021.10.linux64_1.0.100.202210260954/tools/bin/../lib/gcc/arm-none-eabi/10.3.1/../../../../arm-none-eabi/lib/thumb/v7e-m+fp/hard/libc_nano.a(lib_a-calloc.o) (_calloc_r)
/opt/st/stm32cubeide_1.11.0_2/plugins/com.st.stm32cube.ide.mcu.externaltools.gnu-tools-for-stm32.10.3-2021.10.linux64_1.0.100.202210260954/tools/bin/../lib/gcc/arm-none-eabi/10.3.1/../../../../arm-none-eabi/lib/thumb/v7e-m+fp/hard/libc_nano.a(lib_a-nano-mallocr.o)
                              /opt/st/stm32cubeide_1.11.0_2/plugins/com.st.stm32cube.ide.mcu.externaltools.gnu-tools-for-stm32.10.3-2021.10.linux64_1.0.100.202210260954/tools/bin/../lib/gcc/arm-none-eabi/10.3.1/../../../../arm-none-eabi/lib/thumb/v7e-m+fp/hard/libc_nano.a(lib_a-nano-callocr.o) (_malloc_r)
/opt/st/stm32cubeide_1.11.0_2/plugins/com.st.stm32cube.ide.mcu.externaltools.gnu-tools-for-stm32.10.3-2021.10.linux64_1.0.100.202210260954/tools/bin/../lib/gcc/arm-none-eabi/10.3.1/../../../../arm-none-eabi/lib/thumb/v7e-m+fp/hard/libc_nano.a(lib_a-sbrkr.o)
                              /opt/st/stm32cubeide_1.11.0_2/plugins/com.st.stm32cube.ide.mcu.externaltools.gnu-tools-for-stm32.10.3-2021.10.linux64_1.0.100.202210260954/tools/bin/../lib/gcc/arm-none-eabi/10.3.1/../../../../arm-none-eabi/lib/thumb/v7e-m+fp/hard/libc_nano.a(lib_a-nano-mallocr.o) (_sbrk_r)
/opt/st/stm32cubeide_1.11.0_2/plugins/com.st.stm32cube.ide.mcu.externaltools.gnu-tools-for-stm32.10.3-2021.10.linux64_1.0.100.202210260954/tools/bin/../lib/gcc/arm-none-eabi/10.3.1/../../../../arm-none-eabi/lib/thumb/v7e-m+fp/hard/libc_nano.a(lib_a-snprintf.o)
                              ./Core/Src/proj_utils.o (snprintf)
[...]
Memory Configuration

Name             Origin             Length             Attributes
RAM              0x0000000020000000 0x0000000000020000 xrw
FLASH            0x0000000008000000 0x0000000000080000 xr
*default*        0x0000000000000000 0xffffffffffffffff

Linker script and memory map

LOAD /opt/st/stm32cubeide_1.11.0_2/plugins/com.st.stm32cube.ide.mcu.externaltools.gnu-tools-for-stm32.10.3-2021.10.linux64_1.0.100.202210260954/tools/bin/../lib/gcc/arm-none-eabi/10.3.1/thumb/v7e-m+fp/hard/crti.o
LOAD /opt/st/stm32cubeide_1.11.0_2/plugins/com.st.stm32cube.ide.mcu.externaltools.gnu-tools-for-stm32.10.3-2021.10.linux64_1.0.100.202210260954/tools/bin/../lib/gcc/arm-none-eabi/10.3.1/thumb/v7e-m+fp/hard/crtbegin.o
LOAD /opt/st/stm32cubeide_1.11.0_2/plugins/com.st.stm32cube.ide.mcu.externaltools.gnu-tools-for-stm32.10.3-2021.10.linux64_1.0.100.202210260954/tools/bin/../lib/gcc/arm-none-eabi/10.3.1/../../../../arm-none-eabi/lib/thumb/v7e-m+fp/hard/crt0.o
LOAD ./Core/Src/lcd.o
LOAD ./Core/Src/main.o
LOAD ./Core/Src/proj_utils.o
LOAD ./Core/Src/stm32f4xx_hal_msp.o
LOAD ./Core/Src/stm32f4xx_it.o
LOAD ./Core/Src/syscalls.o
LOAD ./Core/Src/sysmem.o
LOAD ./Core/Src/system_stm32f4xx.o
LOAD ./Core/Startup/startup_stm32f411retx.o
LOAD ./Drivers/STM32F4xx_HAL_Driver/Src/stm32f4xx_hal.o
LOAD ./Drivers/STM32F4xx_HAL_Driver/Src/stm32f4xx_hal_adc.o
LOAD ./Drivers/STM32F4xx_HAL_Driver/Src/stm32f4xx_hal_adc_ex.o
LOAD ./Drivers/STM32F4xx_HAL_Driver/Src/stm32f4xx_hal_cortex.o
LOAD ./Drivers/STM32F4xx_HAL_Driver/Src/stm32f4xx_hal_dma.o
LOAD ./Drivers/STM32F4xx_HAL_Driver/Src/stm32f4xx_hal_dma_ex.o
LOAD ./Drivers/STM32F4xx_HAL_Driver/Src/stm32f4xx_hal_exti.o
LOAD ./Drivers/STM32F4xx_HAL_Driver/Src/stm32f4xx_hal_flash.o
LOAD ./Drivers/STM32F4xx_HAL_Driver/Src/stm32f4xx_hal_flash_ex.o
LOAD ./Drivers/STM32F4xx_HAL_Driver/Src/stm32f4xx_hal_flash_ramfunc.o
LOAD ./Drivers/STM32F4xx_HAL_Driver/Src/stm32f4xx_hal_gpio.o
LOAD ./Drivers/STM32F4xx_HAL_Driver/Src/stm32f4xx_hal_pwr.o
LOAD ./Drivers/STM32F4xx_HAL_Driver/Src/stm32f4xx_hal_pwr_ex.o
LOAD ./Drivers/STM32F4xx_HAL_Driver/Src/stm32f4xx_hal_rcc.o
LOAD ./Drivers/STM32F4xx_HAL_Driver/Src/stm32f4xx_hal_rcc_ex.o
LOAD ./Drivers/STM32F4xx_HAL_Driver/Src/stm32f4xx_hal_rtc.o
LOAD ./Drivers/STM32F4xx_HAL_Driver/Src/stm32f4xx_hal_rtc_ex.o
LOAD ./Drivers/STM32F4xx_HAL_Driver/Src/stm32f4xx_hal_tim.o
LOAD ./Drivers/STM32F4xx_HAL_Driver/Src/stm32f4xx_hal_tim_ex.o
LOAD ./Drivers/STM32F4xx_HAL_Driver/Src/stm32f4xx_hal_uart.o
LOAD ./Drivers/STM32F4xx_HAL_Driver/Src/stm32f4xx_ll_adc.o
START GROUP
LOAD /opt/st/stm32cubeide_1.11.0_2/plugins/com.st.stm32cube.ide.mcu.externaltools.gnu-tools-for-stm32.10.3-2021.10.linux64_1.0.100.202210260954/tools/bin/../lib/gcc/arm-none-eabi/10.3.1/../../../../arm-none-eabi/lib/thumb/v7e-m+fp/hard/libc_nano.a
LOAD /opt/st/stm32cubeide_1.11.0_2/plugins/com.st.stm32cube.ide.mcu.externaltools.gnu-tools-for-stm32.10.3-2021.10.linux64_1.0.100.202210260954/tools/bin/../lib/gcc/arm-none-eabi/10.3.1/../../../../arm-none-eabi/lib/thumb/v7e-m+fp/hard/libm.a
END GROUP
START GROUP
LOAD /opt/st/stm32cubeide_1.11.0_2/plugins/com.st.stm32cube.ide.mcu.externaltools.gnu-tools-for-stm32.10.3-2021.10.linux64_1.0.100.202210260954/tools/bin/../lib/gcc/arm-none-eabi/10.3.1/thumb/v7e-m+fp/hard/libgcc.a
LOAD /opt/st/stm32cubeide_1.11.0_2/plugins/com.st.stm32cube.ide.mcu.externaltools.gnu-tools-for-stm32.10.3-2021.10.linux64_1.0.100.202210260954/tools/bin/../lib/gcc/arm-none-eabi/10.3.1/../../../../arm-none-eabi/lib/thumb/v7e-m+fp/hard/libc_nano.a
END GROUP
START GROUP
LOAD /opt/st/stm32cubeide_1.11.0_2/plugins/com.st.stm32cube.ide.mcu.externaltools.gnu-tools-for-stm32.10.3-2021.10.linux64_1.0.100.202210260954/tools/bin/../lib/gcc/arm-none-eabi/10.3.1/thumb/v7e-m+fp/hard/libgcc.a
LOAD /opt/st/stm32cubeide_1.11.0_2/plugins/com.st.stm32cube.ide.mcu.externaltools.gnu-tools-for-stm32.10.3-2021.10.linux64_1.0.100.202210260954/tools/bin/../lib/gcc/arm-none-eabi/10.3.1/../../../../arm-none-eabi/lib/thumb/v7e-m+fp/hard/libc_nano.a
LOAD /opt/st/stm32cubeide_1.11.0_2/plugins/com.st.stm32cube.ide.mcu.externaltools.gnu-tools-for-stm32.10.3-2021.10.linux64_1.0.100.202210260954/tools/bin/../lib/gcc/arm-none-eabi/10.3.1/../../../../arm-none-eabi/lib/thumb/v7e-m+fp/hard/libnosys.a
END GROUP
START GROUP
LOAD /opt/st/stm32cubeide_1.11.0_2/plugins/com.st.stm32cube.ide.mcu.externaltools.gnu-tools-for-stm32.10.3-2021.10.linux64_1.0.100.202210260954/tools/bin/../lib/gcc/arm-none-eabi/10.3.1/thumb/v7e-m+fp/hard/libgcc.a
LOAD /opt/st/stm32cubeide_1.11.0_2/plugins/com.st.stm32cube.ide.mcu.externaltools.gnu-tools-for-stm32.10.3-2021.10.linux64_1.0.100.202210260954/tools/bin/../lib/gcc/arm-none-eabi/10.3.1/../../../../arm-none-eabi/lib/thumb/v7e-m+fp/hard/libc_nano.a
LOAD /opt/st/stm32cubeide_1.11.0_2/plugins/com.st.stm32cube.ide.mcu.externaltools.gnu-tools-for-stm32.10.3-2021.10.linux64_1.0.100.202210260954/tools/bin/../lib/gcc/arm-none-eabi/10.3.1/../../../../arm-none-eabi/lib/thumb/v7e-m+fp/hard/libnosys.a
END GROUP
LOAD /opt/st/stm32cubeide_1.11.0_2/plugins/com.st.stm32cube.ide.mcu.externaltools.gnu-tools-for-stm32.10.3-2021.10.linux64_1.0.100.202210260954/tools/bin/../lib/gcc/arm-none-eabi/10.3.1/thumb/v7e-m+fp/hard/crtend.o
LOAD /opt/st/stm32cubeide_1.11.0_2/plugins/com.st.stm32cube.ide.mcu.externaltools.gnu-tools-for-stm32.10.3-2021.10.linux64_1.0.100.202210260954/tools/bin/../lib/gcc/arm-none-eabi/10.3.1/thumb/v7e-m+fp/hard/crtn.o
                0x0000000020020000                _estack = (ORIGIN (RAM) + LENGTH (RAM))
                0x0000000000000200                _Min_Heap_Size = 0x200
                0x0000000000000400                _Min_Stack_Size = 0x400

.isr_vector     0x0000000008000000      0x198
                0x0000000008000000                . = ALIGN (0x4)
 *(.isr_vector)
 .isr_vector    0x0000000008000000      0x198 ./Core/Startup/startup_stm32f411retx.o
                0x0000000008000000                g_pfnVectors
                0x0000000008000198                . = ALIGN (0x4)

.text           0x00000000080001a0     0xa984
                0x00000000080001a0                . = ALIGN (0x4)
 *(.text)
 .text          0x00000000080001a0       0x40 /opt/st/stm32cubeide_1.11.0_2/plugins/com.st.stm32cube.ide.mcu.externaltools.gnu-tools-for-stm32.10.3-2021.10.linux64_1.0.100.202210260954/tools/bin/../lib/gcc/arm-none-eabi/10.3.1/thumb/v7e-m+fp/hard/crtbegin.o
 .text          0x00000000080001e0       0x10 /opt/st/stm32cubeide_1.11.0_2/plugins/com.st.stm32cube.ide.mcu.externaltools.gnu-tools-for-stm32.10.3-2021.10.linux64_1.0.100.202210260954/tools/bin/../lib/gcc/arm-none-eabi/10.3.1/../../../../arm-none-eabi/lib/thumb/v7e-m+fp/hard/libc_nano.a(lib_a-strlen.o)
                0x00000000080001e0                strlen
 .text          0x00000000080001f0       0xa0 /opt/st/stm32cubeide_1.11.0_2/plugins/com.st.stm32cube.ide.mcu.externaltools.gnu-tools-for-stm32.10.3-2021.10.linux64_1.0.100.202210260954/tools/bin/../lib/gcc/arm-none-eabi/10.3.1/../../../../arm-none-eabi/lib/thumb/v7e-m+fp/hard/libc_nano.a(lib_a-memchr.o)
                0x00000000080001f0                memchr
 .text          0x0000000008000290      0x378 /opt/st/stm32cubeide_1.11.0_2/plugins/com.st.stm32cube.ide.mcu.externaltools.gnu-tools-for-stm32.10.3-2021.10.linux64_1.0.100.202210260954/tools/bin/../lib/gcc/arm-none-eabi/10.3.1/thumb/v7e-m+fp/hard/libgcc.a(_arm_addsubdf3.o)
                0x0000000008000290                __aeabi_drsub
                0x0000000008000298                __aeabi_dsub
                0x0000000008000298                __subdf3
                0x000000000800029c                __adddf3
                0x000000000800029c                __aeabi_dadd
                0x0000000008000514                __aeabi_ui2d
                0x0000000008000514                __floatunsidf
                0x0000000008000534                __floatsidf
                0x0000000008000534                __aeabi_i2d
                0x0000000008000558                __extendsfdf2
                0x0000000008000558                __aeabi_f2d
                0x000000000800059c                __aeabi_ul2d
                0x000000000800059c                __floatundidf
                0x00000000080005ac                __floatdidf
                0x00000000080005ac                __aeabi_l2d
 .text          0x0000000008000608      0x424 /opt/st/stm32cubeide_1.11.0_2/plugins/com.st.stm32cube.ide.mcu.externaltools.gnu-tools-for-stm32.10.3-2021.10.linux64_1.0.100.202210260954/tools/bin/../lib/gcc/arm-none-eabi/10.3.1/thumb/v7e-m+fp/hard/libgcc.a(_arm_muldivdf3.o)
                0x0000000008000608                __aeabi_dmul
                0x0000000008000608                __muldf3
                0x000000000800085c                __aeabi_ddiv
                0x000000000800085c                __divdf3
 .text          0x0000000008000a2c      0x110 /opt/st/stm32cubeide_1.11.0_2/plugins/com.st.stm32cube.ide.mcu.externaltools.gnu-tools-for-stm32.10.3-2021.10.linux64_1.0.100.202210260954/tools/bin/../lib/gcc/arm-none-eabi/10.3.1/thumb/v7e-m+fp/hard/libgcc.a(_arm_cmpdf2.o)
                0x0000000008000a2c                __gtdf2
                0x0000000008000a2c                __gedf2
                0x0000000008000a34                __ltdf2
                0x0000000008000a34                __ledf2
                0x0000000008000a3c                __cmpdf2
                0x0000000008000a3c                __eqdf2
                0x0000000008000a3c                __nedf2
                0x0000000008000ab8                __aeabi_cdrcmple
                0x0000000008000ac8                __aeabi_cdcmple
                0x0000000008000ac8                __aeabi_cdcmpeq
                0x0000000008000ad8                __aeabi_dcmpeq
                0x0000000008000aec                __aeabi_dcmplt
                0x0000000008000b00                __aeabi_dcmple
                0x0000000008000b14                __aeabi_dcmpge
                0x0000000008000b28                __aeabi_dcmpgt
 .text          0x0000000008000b3c       0x2c /opt/st/stm32cubeide_1.11.0_2/plugins/com.st.stm32cube.ide.mcu.externaltools.gnu-tools-for-stm32.10.3-2021.10.linux64_1.0.100.202210260954/tools/bin/../lib/gcc/arm-none-eabi/10.3.1/thumb/v7e-m+fp/hard/libgcc.a(_arm_unorddf2.o)
                0x0000000008000b3c                __aeabi_dcmpun
                0x0000000008000b3c                __unorddf2
 .text          0x0000000008000b68       0x40 /opt/st/stm32cubeide_1.11.0_2/plugins/com.st.stm32cube.ide.mcu.externaltools.gnu-tools-for-stm32.10.3-2021.10.linux64_1.0.100.202210260954/tools/bin/../lib/gcc/arm-none-eabi/10.3.1/thumb/v7e-m+fp/hard/libgcc.a(_arm_fixunsdfsi.o)
                0x0000000008000b68                __fixunsdfsi
                0x0000000008000b68                __aeabi_d2uiz
 .text          0x0000000008000ba8       0x30 /opt/st/stm32cubeide_1.11.0_2/plugins/com.st.stm32cube.ide.mcu.externaltools.gnu-tools-for-stm32.10.3-2021.10.linux64_1.0.100.202210260954/tools/bin/../lib/gcc/arm-none-eabi/10.3.1/thumb/v7e-m+fp/hard/libgcc.a(_aeabi_uldivmod.o)
                0x0000000008000ba8                __aeabi_uldivmod
 .text          0x0000000008000bd8      0x2d0 /opt/st/stm32cubeide_1.11.0_2/plugins/com.st.stm32cube.ide.mcu.externaltools.gnu-tools-for-stm32.10.3-2021.10.linux64_1.0.100.202210260954/tools/bin/../lib/gcc/arm-none-eabi/10.3.1/thumb/v7e-m+fp/hard/libgcc.a(_udivmoddi4.o)
                0x0000000008000bd8                __udivmoddi4
 .text          0x0000000008000ea8        0x4 /opt/st/stm32cubeide_1.11.0_2/plugins/com.st.stm32cube.ide.mcu.externaltools.gnu-tools-for-stm32.10.3-2021.10.linux64_1.0.100.202210260954/tools/bin/../lib/gcc/arm-none-eabi/10.3.1/thumb/v7e-m+fp/hard/libgcc.a(_dvmd_tls.o)
                0x0000000008000ea8                __aeabi_ldiv0
                0x0000000008000ea8                __aeabi_idiv0
 *(.text*)
 .text.Lcd_create
                0x0000000008000eac       0x56 ./Core/Src/lcd.o
                0x0000000008000eac                Lcd_create
 .text.Lcd_init
                0x0000000008000f02       0x52 ./Core/Src/lcd.o
                0x0000000008000f02                Lcd_init
 .text.Lcd_string
                0x0000000008000f54       0x3e ./Core/Src/lcd.o
                0x0000000008000f54                Lcd_string
 *fill*         0x0000000008000f92        0x2 
 .text.Lcd_cursor
                0x0000000008000f94       0x34 ./Core/Src/lcd.o
                0x0000000008000f94                Lcd_cursor
 .text.Lcd_clear
                0x0000000008000fc8       0x18 ./Core/Src/lcd.o
                0x0000000008000fc8                Lcd_clear
 .text.lcd_write_command
                0x0000000008000fe0       0x5c ./Core/Src/lcd.o
 .text.lcd_write_data
                0x000000000800103c       0x5c ./Core/Src/lcd.o
 .text.lcd_write
                0x0000000008001098       0x80 ./Core/Src/lcd.o
 .text.main     0x0000000008001118      0xc58 ./Core/Src/main.o
                0x0000000008001118                main
 .text.SystemClock_Config
                0x0000000008001d70       0xd8 ./Core/Src/main.o
                0x0000000008001d70                SystemClock_Config
 .text.MX_ADC1_Init
                0x0000000008001e48       0xa4 ./Core/Src/main.o
 .text.MX_RTC_Init
                0x0000000008001eec       0xb4 ./Core/Src/main.o
 .text.MX_TIM1_Init
                0x0000000008001fa0      0x13c ./Core/Src/main.o
 .text.MX_TIM2_Init
                0x00000000080020dc       0xb0 ./Core/Src/main.o
 .text.MX_TIM3_Init
                0x000000000800218c      0x134 ./Core/Src/main.o
 .text.MX_USART2_UART_Init
                0x00000000080022c0       0x58 ./Core/Src/main.o
 .text.MX_DMA_Init
                0x0000000008002318       0x6c ./Core/Src/main.o
 .text.MX_GPIO_Init
                0x0000000008002384      0x1c8 ./Core/Src/main.o
 .text.HAL_GPIO_EXTI_Callback
                0x000000000800254c      0x260 ./Core/Src/main.o
                0x000000000800254c                HAL_GPIO_EXTI_Callback
 .text.HAL_UART_TxCpltCallback
                0x00000000080027ac       0x6c ./Core/Src/main.o
                0x00000000080027ac                HAL_UART_TxCpltCallback
 .text.HAL_UART_RxCpltCallback
                0x0000000008002818       0xd0 ./Core/Src/main.o
                0x0000000008002818                HAL_UART_RxCpltCallback
 .text.HAL_TIM_IC_CaptureCallback
                0x00000000080028e8       0x94 ./Core/Src/main.o
                0x00000000080028e8                HAL_TIM_IC_CaptureCallback
 .text.HAL_TIM_PeriodElapsedCallback
                0x000000000800297c       0x48 ./Core/Src/main.o
                0x000000000800297c                HAL_TIM_PeriodElapsedCallback
 .text.Error_Handler
                0x00000000080029c4        0xa ./Core/Src/main.o
                0x00000000080029c4                Error_Handler
 *fill*         0x00000000080029ce        0x2 
 .text.progInit
                0x00000000080029d0       0x60 ./Core/Src/proj_utils.o
                0x00000000080029d0                progInit
 .text.tempSensorInit
                0x0000000008002a30       0x22 ./Core/Src/proj_utils.o
                0x0000000008002a30                tempSensorInit
 *fill*         0x0000000008002a52        0x6 
 .text.calibIinit
                0x0000000008002a58       0x3c ./Core/Src/proj_utils.o
                0x0000000008002a58                calibIinit
 .text.enviroment_resp
                0x0000000008002a94      0x138 ./Core/Src/proj_utils.o
                0x0000000008002a94                enviroment_resp
 .text.solarMeasure_resp
                0x0000000008002bcc       0xc8 ./Core/Src/proj_utils.o
                0x0000000008002bcc                solarMeasure_resp
 .text.setAdcChannel
                0x0000000008002c94       0x42 ./Core/Src/proj_utils.o
                0x0000000008002c94                setAdcChannel
 *fill*         0x0000000008002cd6        0x2 
 .text.EN_Measure
                0x0000000008002cd8      0x10c ./Core/Src/proj_utils.o
                0x0000000008002cd8                EN_Measure
 .text.SP_Measure
                0x0000000008002de4      0x1fc ./Core/Src/proj_utils.o
                0x0000000008002de4                SP_Measure
 .text.CA_Measure
                0x0000000008002fe0      0x2cc ./Core/Src/proj_utils.o
                0x0000000008002fe0                CA_Measure
 .text.uart_command_set
                0x00000000080032ac       0xa6 ./Core/Src/proj_utils.o
                0x00000000080032ac                uart_command_set
 *fill*         0x0000000008003352        0x2 
 .text.tspToTemp
                0x0000000008003354       0x7c ./Core/Src/proj_utils.o
                0x0000000008003354                tspToTemp
 .text.taToTemp
                0x00000000080033d0       0x88 ./Core/Src/proj_utils.o
                0x00000000080033d0                taToTemp
 .text.toLuxTrue
                0x0000000008003458      0x100 ./Core/Src/proj_utils.o
                0x0000000008003458                toLuxTrue
 .text.toVoltageMeasure
                0x0000000008003558       0xa0 ./Core/Src/proj_utils.o
                0x0000000008003558                toVoltageMeasure
 .text.toPVMeasures
                0x00000000080035f8      0x1c8 ./Core/Src/proj_utils.o
                0x00000000080035f8                toPVMeasures
 .text.capturePMM
                0x00000000080037c0       0x6e ./Core/Src/proj_utils.o
                0x00000000080037c0                capturePMM
 .text.screenInit
                0x000000000800382e       0x2e ./Core/Src/proj_utils.o
                0x000000000800382e                screenInit
 .text.setDisplayMode1
                0x000000000800385c       0xa0 ./Core/Src/proj_utils.o
                0x000000000800385c                setDisplayMode1
 .text.setDisplayMode2
                0x00000000080038fc       0x4c ./Core/Src/proj_utils.o
                0x00000000080038fc                setDisplayMode2
 .text.setDisplayMode3
                0x0000000008003948       0x68 ./Core/Src/proj_utils.o
                0x0000000008003948                setDisplayMode3
 .text.displayMode1
                0x00000000080039b0       0x4a ./Core/Src/proj_utils.o
                0x00000000080039b0                displayMode1
 .text.displayMode2
                0x00000000080039fa       0x4a ./Core/Src/proj_utils.o
                0x00000000080039fa                displayMode2
 .text.displayMode3
                0x0000000008003a44       0x4a ./Core/Src/proj_utils.o
                0x0000000008003a44                displayMode3
 .text.switchScreen
                0x0000000008003a8e       0x58 ./Core/Src/proj_utils.o
                0x0000000008003a8e                switchScreen
 .text.isCommandValid
                0x0000000008003ae6       0x50 ./Core/Src/proj_utils.o
                0x0000000008003ae6                isCommandValid
 .text.resetStr
                0x0000000008003b36       0x1e ./Core/Src/proj_utils.o
                0x0000000008003b36                resetStr
 .text.intAverage
                0x0000000008003b54       0x66 ./Core/Src/proj_utils.o
                0x0000000008003b54                intAverage
 *fill*         0x0000000008003bba        0x2 
 .text.HAL_MspInit
                0x0000000008003bbc       0x50 ./Core/Src/stm32f4xx_hal_msp.o
                0x0000000008003bbc                HAL_MspInit
 .text.HAL_ADC_MspInit
                0x0000000008003c0c      0x138 ./Core/Src/stm32f4xx_hal_msp.o
                0x0000000008003c0c                HAL_ADC_MspInit
 .text.HAL_RTC_MspInit
                0x0000000008003d44       0x58 ./Core/Src/stm32f4xx_hal_msp.o
                0x0000000008003d44                HAL_RTC_MspInit
 .text.HAL_TIM_Base_MspInit
                0x0000000008003d9c       0xcc ./Core/Src/stm32f4xx_hal_msp.o
                0x0000000008003d9c                HAL_TIM_Base_MspInit
 .text.HAL_TIM_PWM_MspInit
                0x0000000008003e68       0xb4 ./Core/Src/stm32f4xx_hal_msp.o
                0x0000000008003e68                HAL_TIM_PWM_MspInit
 .text.HAL_TIM_MspPostInit
                0x0000000008003f1c       0xc0 ./Core/Src/stm32f4xx_hal_msp.o
                0x0000000008003f1c                HAL_TIM_MspPostInit
 .text.HAL_UART_MspInit
                0x0000000008003fdc       0xa0 ./Core/Src/stm32f4xx_hal_msp.o
                0x0000000008003fdc                HAL_UART_MspInit
 .text.NMI_Handler
                0x000000000800407c        0x6 ./Core/Src/stm32f4xx_it.o
                0x000000000800407c                NMI_Handler
 .text.HardFault_Handler
                0x0000000008004082        0x6 ./Core/Src/stm32f4xx_it.o
                0x0000000008004082                HardFault_Handler
 .text.MemManage_Handler
                0x0000000008004088        0x6 ./Core/Src/stm32f4xx_it.o
                0x0000000008004088                MemManage_Handler
 .text.BusFault_Handler
                0x000000000800408e        0x6 ./Core/Src/stm32f4xx_it.o
                0x000000000800408e                BusFault_Handler
 .text.UsageFault_Handler
                0x0000000008004094        0x6 ./Core/Src/stm32f4xx_it.o
                0x0000000008004094                UsageFault_Handler
 .text.SVC_Handler
                0x000000000800409a        0xe ./Core/Src/stm32f4xx_it.o
                0x000000000800409a                SVC_Handler
 .text.DebugMon_Handler
                0x00000000080040a8        0xe ./Core/Src/stm32f4xx_it.o
                0x00000000080040a8                DebugMon_Handler
 .text.PendSV_Handler
                0x00000000080040b6        0xe ./Core/Src/stm32f4xx_it.o
                0x00000000080040b6                PendSV_Handler
 .text.SysTick_Handler
                0x00000000080040c4        0xc ./Core/Src/stm32f4xx_it.o
                0x00000000080040c4                SysTick_Handler
 .text.DMA1_Stream5_IRQHandler
                0x00000000080040d0       0x14 ./Core/Src/stm32f4xx_it.o
                0x00000000080040d0                DMA1_Stream5_IRQHandler
 .text.ADC_IRQHandler
                0x00000000080040e4       0x14 ./Core/Src/stm32f4xx_it.o
                0x00000000080040e4                ADC_IRQHandler
 .text.EXTI9_5_IRQHandler
                0x00000000080040f8       0x24 ./Core/Src/stm32f4xx_it.o
                0x00000000080040f8                EXTI9_5_IRQHandler
 .text.TIM2_IRQHandler
                0x000000000800411c       0x14 ./Core/Src/stm32f4xx_it.o
                0x000000000800411c                TIM2_IRQHandler
 .text.TIM3_IRQHandler
                0x0000000008004130       0x14 ./Core/Src/stm32f4xx_it.o
                0x0000000008004130                TIM3_IRQHandler
 .text.USART2_IRQHandler
                0x0000000008004144       0x14 ./Core/Src/stm32f4xx_it.o
                0x0000000008004144                USART2_IRQHandler
 .text.EXTI15_10_IRQHandler
                0x0000000008004158       0x18 ./Core/Src/stm32f4xx_it.o
                0x0000000008004158                EXTI15_10_IRQHandler
 .text.DMA2_Stream0_IRQHandler
                0x0000000008004170       0x14 ./Core/Src/stm32f4xx_it.o
                0x0000000008004170                DMA2_Stream0_IRQHandler
 .text._sbrk    0x0000000008004184       0x6c ./Core/Src/sysmem.o
                0x0000000008004184                _sbrk
 .text.SystemInit
                0x00000000080041f0       0x24 ./Core/Src/system_stm32f4xx.o
                0x00000000080041f0                SystemInit
 .text.Reset_Handler
                0x0000000008004214       0x50 ./Core/Startup/startup_stm32f411retx.o
                0x0000000008004214                Reset_Handler
 .text.Default_Handler
                0x0000000008004264        0x2 ./Core/Startup/startup_stm32f411retx.o
                0x0000000008004264                RTC_Alarm_IRQHandler
                0x0000000008004264                EXTI2_IRQHandler
                0x0000000008004264                SPI4_IRQHandler
                0x0000000008004264                TIM1_CC_IRQHandler
                0x0000000008004264                DMA2_Stream5_IRQHandler
                0x0000000008004264                PVD_IRQHandler
                0x0000000008004264                SDIO_IRQHandler
                0x0000000008004264                TAMP_STAMP_IRQHandler
                0x0000000008004264                EXTI3_IRQHandler
                0x0000000008004264                TIM1_UP_TIM10_IRQHandler
                0x0000000008004264                I2C3_ER_IRQHandler
                0x0000000008004264                EXTI0_IRQHandler
                0x0000000008004264                I2C2_EV_IRQHandler
                0x0000000008004264                DMA1_Stream2_IRQHandler
                0x0000000008004264                FPU_IRQHandler
                0x0000000008004264                DMA2_Stream2_IRQHandler
                0x0000000008004264                SPI1_IRQHandler
                0x0000000008004264                TIM1_BRK_TIM9_IRQHandler
                0x0000000008004264                DMA2_Stream3_IRQHandler
                0x0000000008004264                USART6_IRQHandler
                0x0000000008004264                TIM4_IRQHandler
                0x0000000008004264                I2C1_EV_IRQHandler
                0x0000000008004264                DMA1_Stream6_IRQHandler
                0x0000000008004264                DMA1_Stream1_IRQHandler
                0x0000000008004264                RCC_IRQHandler
                0x0000000008004264                Default_Handler
                0x0000000008004264                DMA1_Stream7_IRQHandler
                0x0000000008004264                SPI5_IRQHandler
                0x0000000008004264                TIM5_IRQHandler
                0x0000000008004264                DMA2_Stream7_IRQHandler
                0x0000000008004264                I2C3_EV_IRQHandler
                0x0000000008004264                RTC_WKUP_IRQHandler
                0x0000000008004264                SPI2_IRQHandler
                0x0000000008004264                DMA1_Stream0_IRQHandler
                0x0000000008004264                EXTI4_IRQHandler
                0x0000000008004264                WWDG_IRQHandler
                0x0000000008004264                OTG_FS_WKUP_IRQHandler
                0x0000000008004264                TIM1_TRG_COM_TIM11_IRQHandler
                0x0000000008004264                EXTI1_IRQHandler
                0x0000000008004264                I2C2_ER_IRQHandler
                0x0000000008004264                DMA2_Stream1_IRQHandler
                0x0000000008004264                FLASH_IRQHandler
                0x0000000008004264                DMA2_Stream4_IRQHandler
                0x0000000008004264                USART1_IRQHandler
                0x0000000008004264                OTG_FS_IRQHandler
                0x0000000008004264                SPI3_IRQHandler
                0x0000000008004264                DMA1_Stream4_IRQHandler
                0x0000000008004264                I2C1_ER_IRQHandler
                0x0000000008004264                DMA2_Stream6_IRQHandler
                0x0000000008004264                DMA1_Stream3_IRQHandler
 *fill*         0x0000000008004266        0x2 
 .text.HAL_Init
                0x0000000008004268       0x44 ./Drivers/STM32F4xx_HAL_Driver/Src/stm32f4xx_hal.o
                0x0000000008004268                HAL_Init
 .text.HAL_InitTick
                0x00000000080042ac       0x60 ./Drivers/STM32F4xx_HAL_Driver/Src/stm32f4xx_hal.o
                0x00000000080042ac                HAL_InitTick
 .text.HAL_IncTick
                0x000000000800430c       0x28 ./Drivers/STM32F4xx_HAL_Driver/Src/stm32f4xx_hal.o
                0x000000000800430c                HAL_IncTick
 .text.HAL_GetTick
                0x0000000008004334       0x18 ./Drivers/STM32F4xx_HAL_Driver/Src/stm32f4xx_hal.o
                0x0000000008004334                HAL_GetTick
 .text.HAL_Delay
                0x000000000800434c       0x48 ./Drivers/STM32F4xx_HAL_Driver/Src/stm32f4xx_hal.o
                0x000000000800434c                HAL_Delay
 .text.HAL_ADC_Init
                0x0000000008004394       0x86 ./Drivers/STM32F4xx_HAL_Driver/Src/stm32f4xx_hal_adc.o
                0x0000000008004394                HAL_ADC_Init
 *fill*         0x000000000800441a        0x2 
 .text.HAL_ADC_Start
                0x000000000800441c      0x168 ./Drivers/STM32F4xx_HAL_Driver/Src/stm32f4xx_hal_adc.o
                0x000000000800441c                HAL_ADC_Start
 .text.HAL_ADC_Stop
                0x0000000008004584       0x66 ./Drivers/STM32F4xx_HAL_Driver/Src/stm32f4xx_hal_adc.o
                0x0000000008004584                HAL_ADC_Stop
 .text.HAL_ADC_PollForConversion
                0x00000000080045ea      0x116 ./Drivers/STM32F4xx_HAL_Driver/Src/stm32f4xx_hal_adc.o
                0x00000000080045ea                HAL_ADC_PollForConversion
 .text.HAL_ADC_IRQHandler
                0x0000000008004700      0x220 ./Drivers/STM32F4xx_HAL_Driver/Src/stm32f4xx_hal_adc.o
                0x0000000008004700                HAL_ADC_IRQHandler
 .text.HAL_ADC_GetValue
                0x0000000008004920       0x1a ./Drivers/STM32F4xx_HAL_Driver/Src/stm32f4xx_hal_adc.o
                0x0000000008004920                HAL_ADC_GetValue
 .text.HAL_ADC_ConvCpltCallback
                0x000000000800493a       0x14 ./Drivers/STM32F4xx_HAL_Driver/Src/stm32f4xx_hal_adc.o
                0x000000000800493a                HAL_ADC_ConvCpltCallback
 .text.HAL_ADC_LevelOutOfWindowCallback
                0x000000000800494e       0x14 ./Drivers/STM32F4xx_HAL_Driver/Src/stm32f4xx_hal_adc.o
                0x000000000800494e                HAL_ADC_LevelOutOfWindowCallback
 .text.HAL_ADC_ErrorCallback
                0x0000000008004962       0x14 ./Drivers/STM32F4xx_HAL_Driver/Src/stm32f4xx_hal_adc.o
                0x0000000008004962                HAL_ADC_ErrorCallback
 *fill*         0x0000000008004976        0x2 
 .text.HAL_ADC_ConfigChannel
                0x0000000008004978      0x264 ./Drivers/STM32F4xx_HAL_Driver/Src/stm32f4xx_hal_adc.o
                0x0000000008004978                HAL_ADC_ConfigChannel
 .text.ADC_Init
                0x0000000008004bdc      0x1f8 ./Drivers/STM32F4xx_HAL_Driver/Src/stm32f4xx_hal_adc.o
 .text.HAL_ADCEx_InjectedConvCpltCallback
                0x0000000008004dd4       0x14 ./Drivers/STM32F4xx_HAL_Driver/Src/stm32f4xx_hal_adc_ex.o
                0x0000000008004dd4                HAL_ADCEx_InjectedConvCpltCallback
 .text.__NVIC_SetPriorityGrouping
                0x0000000008004de8       0x48 ./Drivers/STM32F4xx_HAL_Driver/Src/stm32f4xx_hal_cortex.o
 .text.__NVIC_GetPriorityGrouping
                0x0000000008004e30       0x1c ./Drivers/STM32F4xx_HAL_Driver/Src/stm32f4xx_hal_cortex.o
 .text.__NVIC_EnableIRQ
                0x0000000008004e4c       0x3c ./Drivers/STM32F4xx_HAL_Driver/Src/stm32f4xx_hal_cortex.o
 .text.__NVIC_SetPriority
                0x0000000008004e88       0x54 ./Drivers/STM32F4xx_HAL_Driver/Src/stm32f4xx_hal_cortex.o
 .text.NVIC_EncodePriority
                0x0000000008004edc       0x66 ./Drivers/STM32F4xx_HAL_Driver/Src/stm32f4xx_hal_cortex.o
 *fill*         0x0000000008004f42        0x2 
 .text.SysTick_Config
                0x0000000008004f44       0x44 ./Drivers/STM32F4xx_HAL_Driver/Src/stm32f4xx_hal_cortex.o
 .text.HAL_NVIC_SetPriorityGrouping
                0x0000000008004f88       0x16 ./Drivers/STM32F4xx_HAL_Driver/Src/stm32f4xx_hal_cortex.o
                0x0000000008004f88                HAL_NVIC_SetPriorityGrouping
 .text.HAL_NVIC_SetPriority
                0x0000000008004f9e       0x38 ./Drivers/STM32F4xx_HAL_Driver/Src/stm32f4xx_hal_cortex.o
                0x0000000008004f9e                HAL_NVIC_SetPriority
 .text.HAL_NVIC_EnableIRQ
                0x0000000008004fd6       0x1c ./Drivers/STM32F4xx_HAL_Driver/Src/stm32f4xx_hal_cortex.o
                0x0000000008004fd6                HAL_NVIC_EnableIRQ
 .text.HAL_SYSTICK_Config
                0x0000000008004ff2       0x18 ./Drivers/STM32F4xx_HAL_Driver/Src/stm32f4xx_hal_cortex.o
                0x0000000008004ff2                HAL_SYSTICK_Config
 *fill*         0x000000000800500a        0x2 
 .text.HAL_DMA_Init
                0x000000000800500c      0x15c ./Drivers/STM32F4xx_HAL_Driver/Src/stm32f4xx_hal_dma.o
                0x000000000800500c                HAL_DMA_Init
 .text.HAL_DMA_Abort
                0x0000000008005168       0xe0 ./Drivers/STM32F4xx_HAL_Driver/Src/stm32f4xx_hal_dma.o
                0x0000000008005168                HAL_DMA_Abort
 .text.HAL_DMA_Abort_IT
                0x0000000008005248       0x44 ./Drivers/STM32F4xx_HAL_Driver/Src/stm32f4xx_hal_dma.o
                0x0000000008005248                HAL_DMA_Abort_IT
 .text.HAL_DMA_IRQHandler
                0x000000000800528c      0x314 ./Drivers/STM32F4xx_HAL_Driver/Src/stm32f4xx_hal_dma.o
                0x000000000800528c                HAL_DMA_IRQHandler
 .text.DMA_CalcBaseAndBitshift
                0x00000000080055a0       0x6c ./Drivers/STM32F4xx_HAL_Driver/Src/stm32f4xx_hal_dma.o
 .text.DMA_CheckFifoParam
                0x000000000800560c       0xf8 ./Drivers/STM32F4xx_HAL_Driver/Src/stm32f4xx_hal_dma.o
 .text.HAL_GPIO_Init
                0x0000000008005704      0x308 ./Drivers/STM32F4xx_HAL_Driver/Src/stm32f4xx_hal_gpio.o
                0x0000000008005704                HAL_GPIO_Init
 .text.HAL_GPIO_WritePin
                0x0000000008005a0c       0x32 ./Drivers/STM32F4xx_HAL_Driver/Src/stm32f4xx_hal_gpio.o
                0x0000000008005a0c                HAL_GPIO_WritePin
 .text.HAL_GPIO_TogglePin
                0x0000000008005a3e       0x34 ./Drivers/STM32F4xx_HAL_Driver/Src/stm32f4xx_hal_gpio.o
                0x0000000008005a3e                HAL_GPIO_TogglePin
 *fill*         0x0000000008005a72        0x2 
 .text.HAL_GPIO_EXTI_IRQHandler
                0x0000000008005a74       0x30 ./Drivers/STM32F4xx_HAL_Driver/Src/stm32f4xx_hal_gpio.o
                0x0000000008005a74                HAL_GPIO_EXTI_IRQHandler
 .text.HAL_RCC_OscConfig
                0x0000000008005aa4      0x4f0 ./Drivers/STM32F4xx_HAL_Driver/Src/stm32f4xx_hal_rcc.o
                0x0000000008005aa4                HAL_RCC_OscConfig
 .text.HAL_RCC_ClockConfig
                0x0000000008005f94      0x1cc ./Drivers/STM32F4xx_HAL_Driver/Src/stm32f4xx_hal_rcc.o
                0x0000000008005f94                HAL_RCC_ClockConfig
 .text.HAL_RCC_GetSysClockFreq
                0x0000000008006160      0x20c ./Drivers/STM32F4xx_HAL_Driver/Src/stm32f4xx_hal_rcc.o
                0x0000000008006160                HAL_RCC_GetSysClockFreq
 .text.HAL_RCC_GetHCLKFreq
                0x000000000800636c       0x18 ./Drivers/STM32F4xx_HAL_Driver/Src/stm32f4xx_hal_rcc.o
                0x000000000800636c                HAL_RCC_GetHCLKFreq
 .text.HAL_RCC_GetPCLK1Freq
                0x0000000008006384       0x28 ./Drivers/STM32F4xx_HAL_Driver/Src/stm32f4xx_hal_rcc.o
                0x0000000008006384                HAL_RCC_GetPCLK1Freq
 .text.HAL_RCC_GetPCLK2Freq
                0x00000000080063ac       0x28 ./Drivers/STM32F4xx_HAL_Driver/Src/stm32f4xx_hal_rcc.o
                0x00000000080063ac                HAL_RCC_GetPCLK2Freq
 .text.HAL_RCCEx_PeriphCLKConfig
                0x00000000080063d4      0x1e0 ./Drivers/STM32F4xx_HAL_Driver/Src/stm32f4xx_hal_rcc_ex.o
                0x00000000080063d4                HAL_RCCEx_PeriphCLKConfig
 .text.HAL_RTC_Init
                0x00000000080065b4       0xec ./Drivers/STM32F4xx_HAL_Driver/Src/stm32f4xx_hal_rtc.o
                0x00000000080065b4                HAL_RTC_Init
 .text.HAL_RTC_SetTime
                0x00000000080066a0      0x134 ./Drivers/STM32F4xx_HAL_Driver/Src/stm32f4xx_hal_rtc.o
                0x00000000080066a0                HAL_RTC_SetTime
 .text.HAL_RTC_GetTime
                0x00000000080067d4       0xbc ./Drivers/STM32F4xx_HAL_Driver/Src/stm32f4xx_hal_rtc.o
                0x00000000080067d4                HAL_RTC_GetTime
 .text.HAL_RTC_SetDate
                0x0000000008006890      0x108 ./Drivers/STM32F4xx_HAL_Driver/Src/stm32f4xx_hal_rtc.o
                0x0000000008006890                HAL_RTC_SetDate
 .text.HAL_RTC_GetDate
                0x0000000008006998       0x9e ./Drivers/STM32F4xx_HAL_Driver/Src/stm32f4xx_hal_rtc.o
                0x0000000008006998                HAL_RTC_GetDate
 .text.HAL_RTC_WaitForSynchro
                0x0000000008006a36       0x50 ./Drivers/STM32F4xx_HAL_Driver/Src/stm32f4xx_hal_rtc.o
                0x0000000008006a36                HAL_RTC_WaitForSynchro
 .text.RTC_EnterInitMode
                0x0000000008006a86       0x6e ./Drivers/STM32F4xx_HAL_Driver/Src/stm32f4xx_hal_rtc.o
                0x0000000008006a86                RTC_EnterInitMode
 .text.RTC_ExitInitMode
                0x0000000008006af4       0x4a ./Drivers/STM32F4xx_HAL_Driver/Src/stm32f4xx_hal_rtc.o
                0x0000000008006af4                RTC_ExitInitMode
 .text.RTC_ByteToBcd2
                0x0000000008006b3e       0x3a ./Drivers/STM32F4xx_HAL_Driver/Src/stm32f4xx_hal_rtc.o
                0x0000000008006b3e                RTC_ByteToBcd2
 .text.RTC_Bcd2ToByte
                0x0000000008006b78       0x38 ./Drivers/STM32F4xx_HAL_Driver/Src/stm32f4xx_hal_rtc.o
                0x0000000008006b78                RTC_Bcd2ToByte
 .text.HAL_TIM_Base_Init
                0x0000000008006bb0       0x9e ./Drivers/STM32F4xx_HAL_Driver/Src/stm32f4xx_hal_tim.o
                0x0000000008006bb0                HAL_TIM_Base_Init
 .text.HAL_TIM_OC_Init
                0x0000000008006c4e       0x9e ./Drivers/STM32F4xx_HAL_Driver/Src/stm32f4xx_hal_tim.o
                0x0000000008006c4e                HAL_TIM_OC_Init
 .text.HAL_TIM_OC_MspInit
                0x0000000008006cec       0x14 ./Drivers/STM32F4xx_HAL_Driver/Src/stm32f4xx_hal_tim.o
                0x0000000008006cec                HAL_TIM_OC_MspInit
 .text.HAL_TIM_PWM_Init
                0x0000000008006d00       0x9e ./Drivers/STM32F4xx_HAL_Driver/Src/stm32f4xx_hal_tim.o
                0x0000000008006d00                HAL_TIM_PWM_Init
 *fill*         0x0000000008006d9e        0x2 
 .text.HAL_TIM_PWM_Start
                0x0000000008006da0      0x160 ./Drivers/STM32F4xx_HAL_Driver/Src/stm32f4xx_hal_tim.o
                0x0000000008006da0                HAL_TIM_PWM_Start
 .text.HAL_TIM_IC_Init
                0x0000000008006f00       0x9e ./Drivers/STM32F4xx_HAL_Driver/Src/stm32f4xx_hal_tim.o
                0x0000000008006f00                HAL_TIM_IC_Init
 .text.HAL_TIM_IC_MspInit
                0x0000000008006f9e       0x14 ./Drivers/STM32F4xx_HAL_Driver/Src/stm32f4xx_hal_tim.o
                0x0000000008006f9e                HAL_TIM_IC_MspInit
 *fill*         0x0000000008006fb2        0x2 
 .text.HAL_TIM_IC_Start_IT
                0x0000000008006fb4      0x234 ./Drivers/STM32F4xx_HAL_Driver/Src/stm32f4xx_hal_tim.o
                0x0000000008006fb4                HAL_TIM_IC_Start_IT
 .text.HAL_TIM_IRQHandler
                0x00000000080071e8      0x210 ./Drivers/STM32F4xx_HAL_Driver/Src/stm32f4xx_hal_tim.o
                0x00000000080071e8                HAL_TIM_IRQHandler
 .text.HAL_TIM_OC_ConfigChannel
                0x00000000080073f8       0xb8 ./Drivers/STM32F4xx_HAL_Driver/Src/stm32f4xx_hal_tim.o
                0x00000000080073f8                HAL_TIM_OC_ConfigChannel
 .text.HAL_TIM_IC_ConfigChannel
                0x00000000080074b0      0x138 ./Drivers/STM32F4xx_HAL_Driver/Src/stm32f4xx_hal_tim.o
                0x00000000080074b0                HAL_TIM_IC_ConfigChannel
 .text.HAL_TIM_PWM_ConfigChannel
                0x00000000080075e8      0x184 ./Drivers/STM32F4xx_HAL_Driver/Src/stm32f4xx_hal_tim.o
                0x00000000080075e8                HAL_TIM_PWM_ConfigChannel
 .text.HAL_TIM_ConfigClockSource
                0x000000000800776c      0x18e ./Drivers/STM32F4xx_HAL_Driver/Src/stm32f4xx_hal_tim.o
                0x000000000800776c                HAL_TIM_ConfigClockSource
 .text.HAL_TIM_OC_DelayElapsedCallback
                0x00000000080078fa       0x14 ./Drivers/STM32F4xx_HAL_Driver/Src/stm32f4xx_hal_tim.o
                0x00000000080078fa                HAL_TIM_OC_DelayElapsedCallback
 .text.HAL_TIM_PWM_PulseFinishedCallback
                0x000000000800790e       0x14 ./Drivers/STM32F4xx_HAL_Driver/Src/stm32f4xx_hal_tim.o
                0x000000000800790e                HAL_TIM_PWM_PulseFinishedCallback
 .text.HAL_TIM_TriggerCallback
                0x0000000008007922       0x14 ./Drivers/STM32F4xx_HAL_Driver/Src/stm32f4xx_hal_tim.o
                0x0000000008007922                HAL_TIM_TriggerCallback
 *fill*         0x0000000008007936        0x2 
 .text.TIM_Base_SetConfig
                0x0000000008007938      0x100 ./Drivers/STM32F4xx_HAL_Driver/Src/stm32f4xx_hal_tim.o
                0x0000000008007938                TIM_Base_SetConfig
 .text.TIM_OC1_SetConfig
                0x0000000008007a38       0xcc ./Drivers/STM32F4xx_HAL_Driver/Src/stm32f4xx_hal_tim.o
 .text.TIM_OC2_SetConfig
                0x0000000008007b04       0xd8 ./Drivers/STM32F4xx_HAL_Driver/Src/stm32f4xx_hal_tim.o
                0x0000000008007b04                TIM_OC2_SetConfig
 .text.TIM_OC3_SetConfig
                0x0000000008007bdc       0xd4 ./Drivers/STM32F4xx_HAL_Driver/Src/stm32f4xx_hal_tim.o
 .text.TIM_OC4_SetConfig
                0x0000000008007cb0       0xa0 ./Drivers/STM32F4xx_HAL_Driver/Src/stm32f4xx_hal_tim.o
 .text.TIM_TI1_SetConfig
                0x0000000008007d50       0xd0 ./Drivers/STM32F4xx_HAL_Driver/Src/stm32f4xx_hal_tim.o
                0x0000000008007d50                TIM_TI1_SetConfig
 .text.TIM_TI1_ConfigInputStage
                0x0000000008007e20       0x5e ./Drivers/STM32F4xx_HAL_Driver/Src/stm32f4xx_hal_tim.o
 .text.TIM_TI2_SetConfig
                0x0000000008007e7e       0x7a ./Drivers/STM32F4xx_HAL_Driver/Src/stm32f4xx_hal_tim.o
 .text.TIM_TI2_ConfigInputStage
                0x0000000008007ef8       0x60 ./Drivers/STM32F4xx_HAL_Driver/Src/stm32f4xx_hal_tim.o
 .text.TIM_TI3_SetConfig
                0x0000000008007f58       0x78 ./Drivers/STM32F4xx_HAL_Driver/Src/stm32f4xx_hal_tim.o
 .text.TIM_TI4_SetConfig
                0x0000000008007fd0       0x7a ./Drivers/STM32F4xx_HAL_Driver/Src/stm32f4xx_hal_tim.o
 .text.TIM_ITRx_SetConfig
                0x000000000800804a       0x36 ./Drivers/STM32F4xx_HAL_Driver/Src/stm32f4xx_hal_tim.o
 .text.TIM_ETR_SetConfig
                0x0000000008008080       0x40 ./Drivers/STM32F4xx_HAL_Driver/Src/stm32f4xx_hal_tim.o
                0x0000000008008080                TIM_ETR_SetConfig
 .text.TIM_CCxChannelCmd
                0x00000000080080c0       0x4a ./Drivers/STM32F4xx_HAL_Driver/Src/stm32f4xx_hal_tim.o
                0x00000000080080c0                TIM_CCxChannelCmd
 *fill*         0x000000000800810a        0x2 
 .text.HAL_TIMEx_MasterConfigSynchronization
                0x000000000800810c       0xdc ./Drivers/STM32F4xx_HAL_Driver/Src/stm32f4xx_hal_tim_ex.o
                0x000000000800810c                HAL_TIMEx_MasterConfigSynchronization
 .text.HAL_TIMEx_ConfigBreakDeadTime
                0x00000000080081e8       0xa4 ./Drivers/STM32F4xx_HAL_Driver/Src/stm32f4xx_hal_tim_ex.o
                0x00000000080081e8                HAL_TIMEx_ConfigBreakDeadTime
 .text.HAL_TIMEx_CommutCallback
                0x000000000800828c       0x14 ./Drivers/STM32F4xx_HAL_Driver/Src/stm32f4xx_hal_tim_ex.o
                0x000000000800828c                HAL_TIMEx_CommutCallback
 .text.HAL_TIMEx_BreakCallback
                0x00000000080082a0       0x14 ./Drivers/STM32F4xx_HAL_Driver/Src/stm32f4xx_hal_tim_ex.o
                0x00000000080082a0                HAL_TIMEx_BreakCallback
 .text.HAL_UART_Init
                0x00000000080082b4       0x9a ./Drivers/STM32F4xx_HAL_Driver/Src/stm32f4xx_hal_uart.o
                0x00000000080082b4                HAL_UART_Init
 .text.HAL_UART_Transmit_IT
                0x000000000800834e       0x8a ./Drivers/STM32F4xx_HAL_Driver/Src/stm32f4xx_hal_uart.o
                0x000000000800834e                HAL_UART_Transmit_IT
 .text.HAL_UART_Receive_IT
                0x00000000080083d8       0x60 ./Drivers/STM32F4xx_HAL_Driver/Src/stm32f4xx_hal_uart.o
                0x00000000080083d8                HAL_UART_Receive_IT
 .text.HAL_UART_IRQHandler
                0x0000000008008438      0x51c ./Drivers/STM32F4xx_HAL_Driver/Src/stm32f4xx_hal_uart.o
                0x0000000008008438                HAL_UART_IRQHandler
 .text.HAL_UART_ErrorCallback
                0x0000000008008954       0x14 ./Drivers/STM32F4xx_HAL_Driver/Src/stm32f4xx_hal_uart.o
                0x0000000008008954                HAL_UART_ErrorCallback
 .text.HAL_UARTEx_RxEventCallback
                0x0000000008008968       0x18 ./Drivers/STM32F4xx_HAL_Driver/Src/stm32f4xx_hal_uart.o
                0x0000000008008968                HAL_UARTEx_RxEventCallback
 .text.UART_Start_Receive_IT
                0x0000000008008980       0x7c ./Drivers/STM32F4xx_HAL_Driver/Src/stm32f4xx_hal_uart.o
                0x0000000008008980                UART_Start_Receive_IT
 .text.UART_EndRxTransfer
                0x00000000080089fc       0xc6 ./Drivers/STM32F4xx_HAL_Driver/Src/stm32f4xx_hal_uart.o
 .text.UART_DMAAbortOnError
                0x0000000008008ac2       0x28 ./Drivers/STM32F4xx_HAL_Driver/Src/stm32f4xx_hal_uart.o
 .text.UART_Transmit_IT
                0x0000000008008aea       0xa0 ./Drivers/STM32F4xx_HAL_Driver/Src/stm32f4xx_hal_uart.o
 .text.UART_EndTransmit_IT
                0x0000000008008b8a       0x30 ./Drivers/STM32F4xx_HAL_Driver/Src/stm32f4xx_hal_uart.o
 .text.UART_Receive_IT
                0x0000000008008bba      0x176 ./Drivers/STM32F4xx_HAL_Driver/Src/stm32f4xx_hal_uart.o
 .text.UART_SetConfig
                0x0000000008008d30      0x4e8 ./Drivers/STM32F4xx_HAL_Driver/Src/stm32f4xx_hal_uart.o
 .text.calloc   0x0000000008009218       0x10 /opt/st/stm32cubeide_1.11.0_2/plugins/com.st.stm32cube.ide.mcu.externaltools.gnu-tools-for-stm32.10.3-2021.10.linux64_1.0.100.202210260954/tools/bin/../lib/gcc/arm-none-eabi/10.3.1/../../../../arm-none-eabi/lib/thumb/v7e-m+fp/hard/libc_nano.a(lib_a-calloc.o)
                0x0000000008009218                calloc
 .text.__errno  0x0000000008009228        0xc /opt/st/stm32cubeide_1.11.0_2/plugins/com.st.stm32cube.ide.mcu.externaltools.gnu-tools-for-stm32.10.3-2021.10.linux64_1.0.100.202210260954/tools/bin/../lib/gcc/arm-none-eabi/10.3.1/../../../../arm-none-eabi/lib/thumb/v7e-m+fp/hard/libc_nano.a(lib_a-errno.o)
                0x0000000008009228                __errno
 .text.__libc_init_array
                0x0000000008009234       0x48 /opt/st/stm32cubeide_1.11.0_2/plugins/com.st.stm32cube.ide.mcu.externaltools.gnu-tools-for-stm32.10.3-2021.10.linux64_1.0.100.202210260954/tools/bin/../lib/gcc/arm-none-eabi/10.3.1/../../../../arm-none-eabi/lib/thumb/v7e-m+fp/hard/libc_nano.a(lib_a-init.o)
                0x0000000008009234                __libc_init_array
 .text.memset   0x000000000800927c       0x10 /opt/st/stm32cubeide_1.11.0_2/plugins/com.st.stm32cube.ide.mcu.externaltools.gnu-tools-for-stm32.10.3-2021.10.linux64_1.0.100.202210260954/tools/bin/../lib/gcc/arm-none-eabi/10.3.1/../../../../arm-none-eabi/lib/thumb/v7e-m+fp/hard/libc_nano.a(lib_a-memset.o)
                0x000000000800927c                memset
 .text._calloc_r
                0x000000000800928c       0x2c /opt/st/stm32cubeide_1.11.0_2/plugins/com.st.stm32cube.ide.mcu.externaltools.gnu-tools-for-stm32.10.3-2021.10.linux64_1.0.100.202210260954/tools/bin/../lib/gcc/arm-none-eabi/10.3.1/../../../../arm-none-eabi/lib/thumb/v7e-m+fp/hard/libc_nano.a(lib_a-nano-callocr.o)
                0x000000000800928c                _calloc_r
 .text.sbrk_aligned
                0x00000000080092b8       0x40 /opt/st/stm32cubeide_1.11.0_2/plugins/com.st.stm32cube.ide.mcu.externaltools.gnu-tools-for-stm32.10.3-2021.10.linux64_1.0.100.202210260954/tools/bin/../lib/gcc/arm-none-eabi/10.3.1/../../../../arm-none-eabi/lib/thumb/v7e-m+fp/hard/libc_nano.a(lib_a-nano-mallocr.o)
 .text._malloc_r
                0x00000000080092f8       0xe8 /opt/st/stm32cubeide_1.11.0_2/plugins/com.st.stm32cube.ide.mcu.externaltools.gnu-tools-for-stm32.10.3-2021.10.linux64_1.0.100.202210260954/tools/bin/../lib/gcc/arm-none-eabi/10.3.1/../../../../arm-none-eabi/lib/thumb/v7e-m+fp/hard/libc_nano.a(lib_a-nano-mallocr.o)
                0x00000000080092f8                _malloc_r
 .text._sbrk_r  0x00000000080093e0       0x20 /opt/st/stm32cubeide_1.11.0_2/plugins/com.st.stm32cube.ide.mcu.externaltools.gnu-tools-for-stm32.10.3-2021.10.linux64_1.0.100.202210260954/tools/bin/../lib/gcc/arm-none-eabi/10.3.1/../../../../arm-none-eabi/lib/thumb/v7e-m+fp/hard/libc_nano.a(lib_a-sbrkr.o)
                0x00000000080093e0                _sbrk_r
 .text.snprintf
                0x0000000008009400       0x68 /opt/st/stm32cubeide_1.11.0_2/plugins/com.st.stm32cube.ide.mcu.externaltools.gnu-tools-for-stm32.10.3-2021.10.linux64_1.0.100.202210260954/tools/bin/../lib/gcc/arm-none-eabi/10.3.1/../../../../arm-none-eabi/lib/thumb/v7e-m+fp/hard/libc_nano.a(lib_a-snprintf.o)
                0x0000000008009400                snprintf
                0x0000000008009400                sniprintf
 .text.sprintf  0x0000000008009468       0x40 /opt/st/stm32cubeide_1.11.0_2/plugins/com.st.stm32cube.ide.mcu.externaltools.gnu-tools-for-stm32.10.3-2021.10.linux64_1.0.100.202210260954/tools/bin/../lib/gcc/arm-none-eabi/10.3.1/../../../../arm-none-eabi/lib/thumb/v7e-m+fp/hard/libc_nano.a(lib_a-sprintf.o)
                0x0000000008009468                sprintf
                0x0000000008009468                siprintf
 .text.strcpy   0x00000000080094a8       0x10 /opt/st/stm32cubeide_1.11.0_2/plugins/com.st.stm32cube.ide.mcu.externaltools.gnu-tools-for-stm32.10.3-2021.10.linux64_1.0.100.202210260954/tools/bin/../lib/gcc/arm-none-eabi/10.3.1/../../../../arm-none-eabi/lib/thumb/v7e-m+fp/hard/libc_nano.a(lib_a-strcpy.o)
                0x00000000080094a8                strcpy
 .text.strncmp  0x00000000080094b8       0x28 /opt/st/stm32cubeide_1.11.0_2/plugins/com.st.stm32cube.ide.mcu.externaltools.gnu-tools-for-stm32.10.3-2021.10.linux64_1.0.100.202210260954/tools/bin/../lib/gcc/arm-none-eabi/10.3.1/../../../../arm-none-eabi/lib/thumb/v7e-m+fp/hard/libc_nano.a(lib_a-strncmp.o)
                0x00000000080094b8                strncmp
 .text.__malloc_lock
                0x00000000080094e0        0xc /opt/st/stm32cubeide_1.11.0_2/plugins/com.st.stm32cube.ide.mcu.externaltools.gnu-tools-for-stm32.10.3-2021.10.linux64_1.0.100.202210260954/tools/bin/../lib/gcc/arm-none-eabi/10.3.1/../../../../arm-none-eabi/lib/thumb/v7e-m+fp/hard/libc_nano.a(lib_a-mlock.o)
                0x00000000080094e0                __malloc_lock
 .text.__malloc_unlock
                0x00000000080094ec        0xc /opt/st/stm32cubeide_1.11.0_2/plugins/com.st.stm32cube.ide.mcu.externaltools.gnu-tools-for-stm32.10.3-2021.10.linux64_1.0.100.202210260954/tools/bin/../lib/gcc/arm-none-eabi/10.3.1/../../../../arm-none-eabi/lib/thumb/v7e-m+fp/hard/libc_nano.a(lib_a-mlock.o)
                0x00000000080094ec                __malloc_unlock
 .text.__ssputs_r
                0x00000000080094f8       0xb6 /opt/st/stm32cubeide_1.11.0_2/plugins/com.st.stm32cube.ide.mcu.externaltools.gnu-tools-for-stm32.10.3-2021.10.linux64_1.0.100.202210260954/tools/bin/../lib/gcc/arm-none-eabi/10.3.1/../../../../arm-none-eabi/lib/thumb/v7e-m+fp/hard/libc_nano.a(lib_a-nano-svfprintf.o)
                0x00000000080094f8                __ssputs_r
 *fill*         0x00000000080095ae        0x2 
 .text._svfprintf_r
                0x00000000080095b0      0x200 /opt/st/stm32cubeide_1.11.0_2/plugins/com.st.stm32cube.ide.mcu.externaltools.gnu-tools-for-stm32.10.3-2021.10.linux64_1.0.100.202210260954/tools/bin/../lib/gcc/arm-none-eabi/10.3.1/../../../../arm-none-eabi/lib/thumb/v7e-m+fp/hard/libc_nano.a(lib_a-nano-svfprintf.o)
                0x00000000080095b0                _svfprintf_r
                0x00000000080095b0                _svfiprintf_r
 .text._printf_common
                0x00000000080097b0       0xda /opt/st/stm32cubeide_1.11.0_2/plugins/com.st.stm32cube.ide.mcu.externaltools.gnu-tools-for-stm32.10.3-2021.10.linux64_1.0.100.202210260954/tools/bin/../lib/gcc/arm-none-eabi/10.3.1/../../../../arm-none-eabi/lib/thumb/v7e-m+fp/hard/libc_nano.a(lib_a-nano-vfprintf_i.o)
                0x00000000080097b0                _printf_common
 *fill*         0x000000000800988a        0x2 
 .text._printf_i
                0x000000000800988c      0x24c /opt/st/stm32cubeide_1.11.0_2/plugins/com.st.stm32cube.ide.mcu.externaltools.gnu-tools-for-stm32.10.3-2021.10.linux64_1.0.100.202210260954/tools/bin/../lib/gcc/arm-none-eabi/10.3.1/../../../../arm-none-eabi/lib/thumb/v7e-m+fp/hard/libc_nano.a(lib_a-nano-vfprintf_i.o)
                0x000000000800988c                _printf_i
 .text.__retarget_lock_acquire_recursive
                0x0000000008009ad8        0x2 /opt/st/stm32cubeide_1.11.0_2/plugins/com.st.stm32cube.ide.mcu.externaltools.gnu-tools-for-stm32.10.3-2021.10.linux64_1.0.100.202210260954/tools/bin/../lib/gcc/arm-none-eabi/10.3.1/../../../../arm-none-eabi/lib/thumb/v7e-m+fp/hard/libc_nano.a(lib_a-lock.o)
                0x0000000008009ad8                __retarget_lock_acquire_recursive
 .text.__retarget_lock_release_recursive
                0x0000000008009ada        0x2 /opt/st/stm32cubeide_1.11.0_2/plugins/com.st.stm32cube.ide.mcu.externaltools.gnu-tools-for-stm32.10.3-2021.10.linux64_1.0.100.202210260954/tools/bin/../lib/gcc/arm-none-eabi/10.3.1/../../../../arm-none-eabi/lib/thumb/v7e-m+fp/hard/libc_nano.a(lib_a-lock.o)
                0x0000000008009ada                __retarget_lock_release_recursive
 .text.memcpy   0x0000000008009adc       0x1c /opt/st/stm32cubeide_1.11.0_2/plugins/com.st.stm32cube.ide.mcu.externaltools.gnu-tools-for-stm32.10.3-2021.10.linux64_1.0.100.202210260954/tools/bin/../lib/gcc/arm-none-eabi/10.3.1/../../../../arm-none-eabi/lib/thumb/v7e-m+fp/hard/libc_nano.a(lib_a-memcpy-stub.o)
                0x0000000008009adc                memcpy
 .text.memmove  0x0000000008009af8       0x34 /opt/st/stm32cubeide_1.11.0_2/plugins/com.st.stm32cube.ide.mcu.externaltools.gnu-tools-for-stm32.10.3-2021.10.linux64_1.0.100.202210260954/tools/bin/../lib/gcc/arm-none-eabi/10.3.1/../../../../arm-none-eabi/lib/thumb/v7e-m+fp/hard/libc_nano.a(lib_a-memmove.o)
                0x0000000008009af8                memmove
 .text._free_r  0x0000000008009b2c       0x98 /opt/st/stm32cubeide_1.11.0_2/plugins/com.st.stm32cube.ide.mcu.externaltools.gnu-tools-for-stm32.10.3-2021.10.linux64_1.0.100.202210260954/tools/bin/../lib/gcc/arm-none-eabi/10.3.1/../../../../arm-none-eabi/lib/thumb/v7e-m+fp/hard/libc_nano.a(lib_a-nano-freer.o)
                0x0000000008009b2c                _free_r
 .text._realloc_r
                0x0000000008009bc4       0x5e /opt/st/stm32cubeide_1.11.0_2/plugins/com.st.stm32cube.ide.mcu.externaltools.gnu-tools-for-stm32.10.3-2021.10.linux64_1.0.100.202210260954/tools/bin/../lib/gcc/arm-none-eabi/10.3.1/../../../../arm-none-eabi/lib/thumb/v7e-m+fp/hard/libc_nano.a(lib_a-nano-reallocr.o)
                0x0000000008009bc4                _realloc_r
 .text._malloc_usable_size_r
                0x0000000008009c22       0x10 /opt/st/stm32cubeide_1.11.0_2/plugins/com.st.stm32cube.ide.mcu.externaltools.gnu-tools-for-stm32.10.3-2021.10.linux64_1.0.100.202210260954/tools/bin/../lib/gcc/arm-none-eabi/10.3.1/../../../../arm-none-eabi/lib/thumb/v7e-m+fp/hard/libc_nano.a(lib_a-nano-msizer.o)
                0x0000000008009c22                _malloc_usable_size_r
 .text.fmin     0x0000000008009c32       0x4e /opt/st/stm32cubeide_1.11.0_2/plugins/com.st.stm32cube.ide.mcu.externaltools.gnu-tools-for-stm32.10.3-2021.10.linux64_1.0.100.202210260954/tools/bin/../lib/gcc/arm-none-eabi/10.3.1/../../../../arm-none-eabi/lib/thumb/v7e-m+fp/hard/libm.a(lib_a-s_fmin.o)
                0x0000000008009c32                fmin
 .text.__fpclassifyd
                0x0000000008009c80       0x54 /opt/st/stm32cubeide_1.11.0_2/plugins/com.st.stm32cube.ide.mcu.externaltools.gnu-tools-for-stm32.10.3-2021.10.linux64_1.0.100.202210260954/tools/bin/../lib/gcc/arm-none-eabi/10.3.1/../../../../arm-none-eabi/lib/thumb/v7e-m+fp/hard/libm.a(lib_a-s_fpclassify.o)
                0x0000000008009c80                __fpclassifyd
 .text.pow      0x0000000008009cd4       0xe0 /opt/st/stm32cubeide_1.11.0_2/plugins/com.st.stm32cube.ide.mcu.externaltools.gnu-tools-for-stm32.10.3-2021.10.linux64_1.0.100.202210260954/tools/bin/../lib/gcc/arm-none-eabi/10.3.1/../../../../arm-none-eabi/lib/thumb/v7e-m+fp/hard/libm.a(lib_a-w_pow.o)
                0x0000000008009cd4                pow
 *fill*         0x0000000008009db4        0x4 
 .text.__ieee754_pow
                0x0000000008009db8      0xa5c /opt/st/stm32cubeide_1.11.0_2/plugins/com.st.stm32cube.ide.mcu.externaltools.gnu-tools-for-stm32.10.3-2021.10.linux64_1.0.100.202210260954/tools/bin/../lib/gcc/arm-none-eabi/10.3.1/../../../../arm-none-eabi/lib/thumb/v7e-m+fp/hard/libm.a(lib_a-e_pow.o)
                0x0000000008009db8                __ieee754_pow
 .text.__ieee754_sqrt
                0x000000000800a814      0x164 /opt/st/stm32cubeide_1.11.0_2/plugins/com.st.stm32cube.ide.mcu.externaltools.gnu-tools-for-stm32.10.3-2021.10.linux64_1.0.100.202210260954/tools/bin/../lib/gcc/arm-none-eabi/10.3.1/../../../../arm-none-eabi/lib/thumb/v7e-m+fp/hard/libm.a(lib_a-e_sqrt.o)
                0x000000000800a814                __ieee754_sqrt
 .text.with_errno
                0x000000000800a978       0x14 /opt/st/stm32cubeide_1.11.0_2/plugins/com.st.stm32cube.ide.mcu.externaltools.gnu-tools-for-stm32.10.3-2021.10.linux64_1.0.100.202210260954/tools/bin/../lib/gcc/arm-none-eabi/10.3.1/../../../../arm-none-eabi/lib/thumb/v7e-m+fp/hard/libm.a(lib_a-math_err.o)
 .text.xflow    0x000000000800a98c       0x28 /opt/st/stm32cubeide_1.11.0_2/plugins/com.st.stm32cube.ide.mcu.externaltools.gnu-tools-for-stm32.10.3-2021.10.linux64_1.0.100.202210260954/tools/bin/../lib/gcc/arm-none-eabi/10.3.1/../../../../arm-none-eabi/lib/thumb/v7e-m+fp/hard/libm.a(lib_a-math_err.o)
 .text.__math_uflow
                0x000000000800a9b4       0x12 /opt/st/stm32cubeide_1.11.0_2/plugins/com.st.stm32cube.ide.mcu.externaltools.gnu-tools-for-stm32.10.3-2021.10.linux64_1.0.100.202210260954/tools/bin/../lib/gcc/arm-none-eabi/10.3.1/../../../../arm-none-eabi/lib/thumb/v7e-m+fp/hard/libm.a(lib_a-math_err.o)
                0x000000000800a9b4                __math_uflow
 .text.__math_oflow
                0x000000000800a9c6       0x12 /opt/st/stm32cubeide_1.11.0_2/plugins/com.st.stm32cube.ide.mcu.externaltools.gnu-tools-for-stm32.10.3-2021.10.linux64_1.0.100.202210260954/tools/bin/../lib/gcc/arm-none-eabi/10.3.1/../../../../arm-none-eabi/lib/thumb/v7e-m+fp/hard/libm.a(lib_a-math_err.o)
                0x000000000800a9c6                __math_oflow
 .text.fabs     0x000000000800a9d8       0x12 /opt/st/stm32cubeide_1.11.0_2/plugins/com.st.stm32cube.ide.mcu.externaltools.gnu-tools-for-stm32.10.3-2021.10.linux64_1.0.100.202210260954/tools/bin/../lib/gcc/arm-none-eabi/10.3.1/../../../../arm-none-eabi/lib/thumb/v7e-m+fp/hard/libm.a(lib_a-s_fabs.o)
                0x000000000800a9d8                fabs
 .text.finite   0x000000000800a9ea       0x16 /opt/st/stm32cubeide_1.11.0_2/plugins/com.st.stm32cube.ide.mcu.externaltools.gnu-tools-for-stm32.10.3-2021.10.linux64_1.0.100.202210260954/tools/bin/../lib/gcc/arm-none-eabi/10.3.1/../../../../arm-none-eabi/lib/thumb/v7e-m+fp/hard/libm.a(lib_a-s_finite.o)
                0x000000000800a9ea                finite
 .text.scalbn   0x000000000800aa00      0x10c /opt/st/stm32cubeide_1.11.0_2/plugins/com.st.stm32cube.ide.mcu.externaltools.gnu-tools-for-stm32.10.3-2021.10.linux64_1.0.100.202210260954/tools/bin/../lib/gcc/arm-none-eabi/10.3.1/../../../../arm-none-eabi/lib/thumb/v7e-m+fp/hard/libm.a(lib_a-s_scalbn.o)
                0x000000000800aa00                scalbn
 *(.glue_7)
 .glue_7        0x000000000800ab0c        0x0 linker stubs
 *(.glue_7t)
 .glue_7t       0x000000000800ab0c        0x0 linker stubs
 *(.eh_frame)
 .eh_frame      0x000000000800ab0c        0x0 /opt/st/stm32cubeide_1.11.0_2/plugins/com.st.stm32cube.ide.mcu.externaltools.gnu-tools-for-stm32.10.3-2021.10.linux64_1.0.100.202210260954/tools/bin/../lib/gcc/arm-none-eabi/10.3.1/thumb/v7e-m+fp/hard/crtbegin.o
 *(.init)
 .init          0x000000000800ab0c        0x4 /opt/st/stm32cubeide_1.11.0_2/plugins/com.st.stm32cube.ide.mcu.externaltools.gnu-tools-for-stm32.10.3-2021.10.linux64_1.0.100.202210260954/tools/bin/../lib/gcc/arm-none-eabi/10.3.1/thumb/v7e-m+fp/hard/crti.o
                0x000000000800ab0c                _init
 .init          0x000000000800ab10        0x8 /opt/st/stm32cubeide_1.11.0_2/plugins/com.st.stm32cube.ide.mcu.externaltools.gnu-tools-for-stm32.10.3-2021.10.linux64_1.0.100.202210260954/tools/bin/../lib/gcc/arm-none-eabi/10.3.1/thumb/v7e-m+fp/hard/crtn.o
 *(.fini)
 .fini          0x000000000800ab18        0x4 /opt/st/stm32cubeide_1.11.0_2/plugins/com.st.stm32cube.ide.mcu.externaltools.gnu-tools-for-stm32.10.3-2021.10.linux64_1.0.100.202210260954/tools/bin/../lib/gcc/arm-none-eabi/10.3.1/thumb/v7e-m+fp/hard/crti.o
                0x000000000800ab18                _fini
 .fini          0x000000000800ab1c        0x8 /opt/st/stm32cubeide_1.11.0_2/plugins/com.st.stm32cube.ide.mcu.externaltools.gnu-tools-for-stm32.10.3-2021.10.linux64_1.0.100.202210260954/tools/bin/../lib/gcc/arm-none-eabi/10.3.1/thumb/v7e-m+fp/hard/crtn.o
                0x000000000800ab24                . = ALIGN (0x4)
                0x000000000800ab24                _etext = .

.vfp11_veneer   0x000000000800ab24        0x0
 .vfp11_veneer  0x000000000800ab24        0x0 linker stubs

.v4_bx          0x000000000800ab24        0x0
 .v4_bx         0x000000000800ab24        0x0 linker stubs

.iplt           0x000000000800ab24        0x0
 .iplt          0x000000000800ab24        0x0 /opt/st/stm32cubeide_1.11.0_2/plugins/com.st.stm32cube.ide.mcu.externaltools.gnu-tools-for-stm32.10.3-2021.10.linux64_1.0.100.202210260954/tools/bin/../lib/gcc/arm-none-eabi/10.3.1/thumb/v7e-m+fp/hard/crtbegin.o

.rodata         0x000000000800ab28      0x170
                0x000000000800ab28                . = ALIGN (0x4)
 *(.rodata)
 .rodata        0x000000000800ab28       0x18 ./Core/Src/main.o
 .rodata        0x000000000800ab40       0xcb ./Core/Src/proj_utils.o
 *(.rodata*)
 *fill*         0x000000000800ac0b        0x1 
 .rodata.ROW_16
                0x000000000800ac0c        0x4 ./Core/Src/lcd.o
                0x000000000800ac0c                ROW_16
 .rodata.AHBPrescTable
                0x000000000800ac10       0x10 ./Core/Src/system_stm32f4xx.o
                0x000000000800ac10                AHBPrescTable
 .rodata.APBPrescTable
                0x000000000800ac20        0x8 ./Core/Src/system_stm32f4xx.o
                0x000000000800ac20                APBPrescTable
 .rodata.flagBitshiftOffset.0
                0x000000000800ac28        0x8 ./Drivers/STM32F4xx_HAL_Driver/Src/stm32f4xx_hal_dma.o
 .rodata._svfprintf_r.str1.1
                0x000000000800ac30       0x11 /opt/st/stm32cubeide_1.11.0_2/plugins/com.st.stm32cube.ide.mcu.externaltools.gnu-tools-for-stm32.10.3-2021.10.linux64_1.0.100.202210260954/tools/bin/../lib/gcc/arm-none-eabi/10.3.1/../../../../arm-none-eabi/lib/thumb/v7e-m+fp/hard/libc_nano.a(lib_a-nano-svfprintf.o)
 .rodata._printf_i.str1.1
                0x000000000800ac41       0x22 /opt/st/stm32cubeide_1.11.0_2/plugins/com.st.stm32cube.ide.mcu.externaltools.gnu-tools-for-stm32.10.3-2021.10.linux64_1.0.100.202210260954/tools/bin/../lib/gcc/arm-none-eabi/10.3.1/../../../../arm-none-eabi/lib/thumb/v7e-m+fp/hard/libc_nano.a(lib_a-nano-vfprintf_i.o)
 *fill*         0x000000000800ac63        0x5 
 .rodata.bp     0x000000000800ac68       0x10 /opt/st/stm32cubeide_1.11.0_2/plugins/com.st.stm32cube.ide.mcu.externaltools.gnu-tools-for-stm32.10.3-2021.10.linux64_1.0.100.202210260954/tools/bin/../lib/gcc/arm-none-eabi/10.3.1/../../../../arm-none-eabi/lib/thumb/v7e-m+fp/hard/libm.a(lib_a-e_pow.o)
 .rodata.dp_h   0x000000000800ac78       0x10 /opt/st/stm32cubeide_1.11.0_2/plugins/com.st.stm32cube.ide.mcu.externaltools.gnu-tools-for-stm32.10.3-2021.10.linux64_1.0.100.202210260954/tools/bin/../lib/gcc/arm-none-eabi/10.3.1/../../../../arm-none-eabi/lib/thumb/v7e-m+fp/hard/libm.a(lib_a-e_pow.o)
 .rodata.dp_l   0x000000000800ac88       0x10 /opt/st/stm32cubeide_1.11.0_2/plugins/com.st.stm32cube.ide.mcu.externaltools.gnu-tools-for-stm32.10.3-2021.10.linux64_1.0.100.202210260954/tools/bin/../lib/gcc/arm-none-eabi/10.3.1/../../../../arm-none-eabi/lib/thumb/v7e-m+fp/hard/libm.a(lib_a-e_pow.o)
                0x000000000800ac98                . = ALIGN (0x4)

.ARM.extab      0x000000000800ac98        0x0
                0x000000000800ac98                . = ALIGN (0x4)
 *(.ARM.extab* .gnu.linkonce.armextab.*)
                0x000000000800ac98                . = ALIGN (0x4)

.ARM            0x000000000800ac98        0x8
                0x000000000800ac98                . = ALIGN (0x4)
                0x000000000800ac98                __exidx_start = .
 *(.ARM.exidx*)
 .ARM.exidx     0x000000000800ac98        0x8 /opt/st/stm32cubeide_1.11.0_2/plugins/com.st.stm32cube.ide.mcu.externaltools.gnu-tools-for-stm32.10.3-2021.10.linux64_1.0.100.202210260954/tools/bin/../lib/gcc/arm-none-eabi/10.3.1/thumb/v7e-m+fp/hard/libgcc.a(_udivmoddi4.o)
                0x000000000800aca0                __exidx_end = .
                0x000000000800aca0                . = ALIGN (0x4)

.rel.dyn        0x000000000800aca0        0x0
 .rel.iplt      0x000000000800aca0        0x0 /opt/st/stm32cubeide_1.11.0_2/plugins/com.st.stm32cube.ide.mcu.externaltools.gnu-tools-for-stm32.10.3-2021.10.linux64_1.0.100.202210260954/tools/bin/../lib/gcc/arm-none-eabi/10.3.1/thumb/v7e-m+fp/hard/crtbegin.o

.preinit_array  0x000000000800aca0        0x0
                0x000000000800aca0                . = ALIGN (0x4)
                0x000000000800aca0                PROVIDE (__preinit_array_start = .)
 *(.preinit_array*)
                0x000000000800aca0                PROVIDE (__preinit_array_end = .)
                0x000000000800aca0                . = ALIGN (0x4)

.init_array     0x000000000800aca0        0x4
                0x000000000800aca0                . = ALIGN (0x4)
                0x000000000800aca0                PROVIDE (__init_array_start = .)
 *(SORT_BY_NAME(.init_array.*))
 *(.init_array*)
 .init_array    0x000000000800aca0        0x4 /opt/st/stm32cubeide_1.11.0_2/plugins/com.st.stm32cube.ide.mcu.externaltools.gnu-tools-for-stm32.10.3-2021.10.linux64_1.0.100.202210260954/tools/bin/../lib/gcc/arm-none-eabi/10.3.1/thumb/v7e-m+fp/hard/crtbegin.o
                0x000000000800aca4                PROVIDE (__init_array_end = .)
                0x000000000800aca4                . = ALIGN (0x4)

.fini_array     0x000000000800aca4        0x4
                0x000000000800aca4                . = ALIGN (0x4)
                [!provide]                        PROVIDE (__fini_array_start = .)
 *(SORT_BY_NAME(.fini_array.*))
 *(.fini_array*)
 .fini_array    0x000000000800aca4        0x4 /opt/st/stm32cubeide_1.11.0_2/plugins/com.st.stm32cube.ide.mcu.externaltools.gnu-tools-for-stm32.10.3-2021.10.linux64_1.0.100.202210260954/tools/bin/../lib/gcc/arm-none-eabi/10.3.1/thumb/v7e-m+fp/hard/crtbegin.o
                [!provide]                        PROVIDE (__fini_array_end = .)
                0x000000000800aca8                . = ALIGN (0x4)
                0x000000000800aca8                _sidata = LOADADDR (.data)

.data           0x0000000020000000       0x84 load address 0x000000000800aca8
                0x0000000020000000                . = ALIGN (0x4)
                0x0000000020000000                _sdata = .
 *(.data)
 *(.data*)
 .data.LED3     0x0000000020000000        0x2 ./Core/Src/main.o
                0x0000000020000000                LED3
 *fill*         0x0000000020000002        0x2 
 .data.studentNumber
                0x0000000020000004        0xe ./Core/Src/main.o
                0x0000000020000004                studentNumber
 *fill*         0x0000000020000012        0x2 
 .data.SystemCoreClock
                0x0000000020000014        0x4 ./Core/Src/system_stm32f4xx.o
                0x0000000020000014                SystemCoreClock
 .data.uwTickPrio
                0x0000000020000018        0x4 ./Drivers/STM32F4xx_HAL_Driver/Src/stm32f4xx_hal.o
                0x0000000020000018                uwTickPrio
 .data.uwTickFreq
                0x000000002000001c        0x1 ./Drivers/STM32F4xx_HAL_Driver/Src/stm32f4xx_hal.o
                0x000000002000001c                uwTickFreq
 *fill*         0x000000002000001d        0x3 
 .data._impure_ptr
                0x0000000020000020        0x4 /opt/st/stm32cubeide_1.11.0_2/plugins/com.st.stm32cube.ide.mcu.externaltools.gnu-tools-for-stm32.10.3-2021.10.linux64_1.0.100.202210260954/tools/bin/../lib/gcc/arm-none-eabi/10.3.1/../../../../arm-none-eabi/lib/thumb/v7e-m+fp/hard/libc_nano.a(lib_a-impure.o)
                0x0000000020000020                _impure_ptr
 .data.impure_data
                0x0000000020000024       0x60 /opt/st/stm32cubeide_1.11.0_2/plugins/com.st.stm32cube.ide.mcu.externaltools.gnu-tools-for-stm32.10.3-2021.10.linux64_1.0.100.202210260954/tools/bin/../lib/gcc/arm-none-eabi/10.3.1/../../../../arm-none-eabi/lib/thumb/v7e-m+fp/hard/libc_nano.a(lib_a-impure.o)
 *(.RamFunc)
 *(.RamFunc*)
                0x0000000020000084                . = ALIGN (0x4)
                0x0000000020000084                _edata = .

.igot.plt       0x0000000020000084        0x0 load address 0x000000000800ad2c
 .igot.plt      0x0000000020000084        0x0 /opt/st/stm32cubeide_1.11.0_2/plugins/com.st.stm32cube.ide.mcu.externaltools.gnu-tools-for-stm32.10.3-2021.10.linux64_1.0.100.202210260954/tools/bin/../lib/gcc/arm-none-eabi/10.3.1/thumb/v7e-m+fp/hard/crtbegin.o
                0x0000000020000084                . = ALIGN (0x4)

.bss            0x0000000020000084      0x2d0 load address 0x000000000800ad2c
                0x0000000020000084                _sbss = .
                0x0000000020000084                __bss_start__ = _sbss
 *(.bss)
 .bss           0x0000000020000084       0x1c /opt/st/stm32cubeide_1.11.0_2/plugins/com.st.stm32cube.ide.mcu.externaltools.gnu-tools-for-stm32.10.3-2021.10.linux64_1.0.100.202210260954/tools/bin/../lib/gcc/arm-none-eabi/10.3.1/thumb/v7e-m+fp/hard/crtbegin.o
 *(.bss*)
 .bss.hadc1     0x00000000200000a0       0x48 ./Core/Src/main.o
                0x00000000200000a0                hadc1
 .bss.hdma_adc1
                0x00000000200000e8       0x60 ./Core/Src/main.o
                0x00000000200000e8                hdma_adc1
 .bss.hrtc      0x0000000020000148       0x20 ./Core/Src/main.o
                0x0000000020000148                hrtc
 .bss.htim1     0x0000000020000168       0x48 ./Core/Src/main.o
                0x0000000020000168                htim1
 .bss.htim2     0x00000000200001b0       0x48 ./Core/Src/main.o
                0x00000000200001b0                htim2
 .bss.htim3     0x00000000200001f8       0x48 ./Core/Src/main.o
                0x00000000200001f8                htim3
 .bss.hdma_tim2_ch1
                0x0000000020000240       0x60 ./Core/Src/main.o
                0x0000000020000240                hdma_tim2_ch1
 .bss.huart2    0x00000000200002a0       0x44 ./Core/Src/main.o
                0x00000000200002a0                huart2
 .bss.btn1bounce
                0x00000000200002e4        0xc ./Core/Src/main.o
                0x00000000200002e4                btn1bounce
 .bss.btn2bounce
                0x00000000200002f0        0xc ./Core/Src/main.o
                0x00000000200002f0                btn2bounce
 .bss.btn3bounce
                0x00000000200002fc        0xc ./Core/Src/main.o
                0x00000000200002fc                btn3bounce
 .bss.btn4bounce
                0x0000000020000308        0xc ./Core/Src/main.o
                0x0000000020000308                btn4bounce
 .bss.btn5bounce
                0x0000000020000314        0xc ./Core/Src/main.o
                0x0000000020000314                btn5bounce
 .bss.state     0x0000000020000320        0x4 ./Core/Src/proj_utils.o
                0x0000000020000320                state
 .bss.tempSense
                0x0000000020000324        0x4 ./Core/Src/proj_utils.o
                0x0000000020000324                tempSense
 .bss.screen    0x0000000020000328        0x4 ./Core/Src/proj_utils.o
                0x0000000020000328                screen
 .bss.powerMeasure
                0x000000002000032c        0x4 ./Core/Src/proj_utils.o
                0x000000002000032c                powerMeasure
 .bss.sDateTime
                0x0000000020000330        0x4 ./Core/Src/proj_utils.o
                0x0000000020000330                sDateTime
 .bss.calibVals
                0x0000000020000334        0x4 ./Core/Src/proj_utils.o
                0x0000000020000334                calibVals
 .bss.tMenu     0x0000000020000338        0x4 ./Core/Src/proj_utils.o
                0x0000000020000338                tMenu
 .bss.__sbrk_heap_end
                0x000000002000033c        0x4 ./Core/Src/sysmem.o
 .bss.uwTick    0x0000000020000340        0x4 ./Drivers/STM32F4xx_HAL_Driver/Src/stm32f4xx_hal.o
                0x0000000020000340                uwTick
 .bss.__malloc_free_list
                0x0000000020000344        0x4 /opt/st/stm32cubeide_1.11.0_2/plugins/com.st.stm32cube.ide.mcu.externaltools.gnu-tools-for-stm32.10.3-2021.10.linux64_1.0.100.202210260954/tools/bin/../lib/gcc/arm-none-eabi/10.3.1/../../../../arm-none-eabi/lib/thumb/v7e-m+fp/hard/libc_nano.a(lib_a-nano-mallocr.o)
                0x0000000020000344                __malloc_free_list
 .bss.__malloc_sbrk_start
                0x0000000020000348        0x4 /opt/st/stm32cubeide_1.11.0_2/plugins/com.st.stm32cube.ide.mcu.externaltools.gnu-tools-for-stm32.10.3-2021.10.linux64_1.0.100.202210260954/tools/bin/../lib/gcc/arm-none-eabi/10.3.1/../../../../arm-none-eabi/lib/thumb/v7e-m+fp/hard/libc_nano.a(lib_a-nano-mallocr.o)
                0x0000000020000348                __malloc_sbrk_start
 .bss.errno     0x000000002000034c        0x4 /opt/st/stm32cubeide_1.11.0_2/plugins/com.st.stm32cube.ide.mcu.externaltools.gnu-tools-for-stm32.10.3-2021.10.linux64_1.0.100.202210260954/tools/bin/../lib/gcc/arm-none-eabi/10.3.1/../../../../arm-none-eabi/lib/thumb/v7e-m+fp/hard/libc_nano.a(lib_a-reent.o)
                0x000000002000034c                errno
 .bss.__lock___malloc_recursive_mutex
                0x0000000020000350        0x1 /opt/st/stm32cubeide_1.11.0_2/plugins/com.st.stm32cube.ide.mcu.externaltools.gnu-tools-for-stm32.10.3-2021.10.linux64_1.0.100.202210260954/tools/bin/../lib/gcc/arm-none-eabi/10.3.1/../../../../arm-none-eabi/lib/thumb/v7e-m+fp/hard/libc_nano.a(lib_a-lock.o)
                0x0000000020000350                __lock___malloc_recursive_mutex
 *(COMMON)
                0x0000000020000354                . = ALIGN (0x4)
 *fill*         0x0000000020000351        0x3 
                0x0000000020000354                _ebss = .
                0x0000000020000354                __bss_end__ = _ebss

._user_heap_stack
                0x0000000020000354      0x604 load address 0x000000000800ad2c
                0x0000000020000358                . = ALIGN (0x8)
 *fill*         0x0000000020000354        0x4 
                [!provide]                        PROVIDE (end = .)
                0x0000000020000358                PROVIDE (_end = .)
                0x0000000020000558                . = (. + _Min_Heap_Size)
 *fill*         0x0000000020000358      0x200 
                0x0000000020000958                . = (. + _Min_Stack_Size)
 *fill*         0x0000000020000558      0x400 
                0x0000000020000958                . = ALIGN (0x8)

/DISCARD/
 libc.a(*)
 libm.a(*)
 libgcc.a(*)

.ARM.attributes
                0x0000000000000000       0x30
 *(.ARM.attributes)
 .ARM.attributes
                0x0000000000000000       0x1e /opt/st/stm32cubeide_1.11.0_2/plugins/com.st.stm32cube.ide.mcu.externaltools.gnu-tools-for-stm32.10.3-2021.10.linux64_1.0.100.202210260954/tools/bin/../lib/gcc/arm-none-eabi/10.3.1/thumb/v7e-m+fp/hard/crti.o
 .ARM.attributes
                0x000000000000001e       0x34 /opt/st/stm32cubeide_1.11.0_2/plugins/com.st.stm32cube.ide.mcu.externaltools.gnu-tools-for-stm32.10.3-2021.10.linux64_1.0.100.202210260954/tools/bin/../lib/gcc/arm-none-eabi/10.3.1/thumb/v7e-m+fp/hard/crtbegin.o
 .ARM.attributes
                0x0000000000000052       0x34 ./Core/Src/lcd.o
 .ARM.attributes
                0x0000000000000086       0x34 ./Core/Src/main.o
 .ARM.attributes
                0x00000000000000ba       0x34 ./Core/Src/proj_utils.o
 .ARM.attributes
                0x00000000000000ee       0x34 ./Core/Src/stm32f4xx_hal_msp.o
 .ARM.attributes
                0x0000000000000122       0x34 ./Core/Src/stm32f4xx_it.o
 .ARM.attributes
                0x0000000000000156       0x34 ./Core/Src/sysmem.o
 .ARM.attributes
                0x000000000000018a       0x34 ./Core/Src/system_stm32f4xx.o
 .ARM.attributes
                0x00000000000001be       0x21 ./Core/Startup/startup_stm32f411retx.o
 .ARM.attributes
                0x00000000000001df       0x34 ./Drivers/STM32F4xx_HAL_Driver/Src/stm32f4xx_hal.o
 .ARM.attributes
                0x0000000000000213       0x34 ./Drivers/STM32F4xx_HAL_Driver/Src/stm32f4xx_hal_adc.o
 .ARM.attributes
                0x0000000000000247       0x34 ./Drivers/STM32F4xx_HAL_Driver/Src/stm32f4xx_hal_adc_ex.o
 .ARM.attributes
                0x000000000000027b       0x34 ./Drivers/STM32F4xx_HAL_Driver/Src/stm32f4xx_hal_cortex.o
 .ARM.attributes
                0x00000000000002af       0x34 ./Drivers/STM32F4xx_HAL_Driver/Src/stm32f4xx_hal_dma.o
 .ARM.attributes
                0x00000000000002e3       0x34 ./Drivers/STM32F4xx_HAL_Driver/Src/stm32f4xx_hal_gpio.o
 .ARM.attributes
                0x0000000000000317       0x34 ./Drivers/STM32F4xx_HAL_Driver/Src/stm32f4xx_hal_rcc.o
 .ARM.attributes
                0x000000000000034b       0x34 ./Drivers/STM32F4xx_HAL_Driver/Src/stm32f4xx_hal_rcc_ex.o
 .ARM.attributes
                0x000000000000037f       0x34 ./Drivers/STM32F4xx_HAL_Driver/Src/stm32f4xx_hal_rtc.o
 .ARM.attributes
                0x00000000000003b3       0x34 ./Drivers/STM32F4xx_HAL_Driver/Src/stm32f4xx_hal_tim.o
 .ARM.attributes
                0x00000000000003e7       0x34 ./Drivers/STM32F4xx_HAL_Driver/Src/stm32f4xx_hal_tim_ex.o
 .ARM.attributes
                0x000000000000041b       0x34 ./Drivers/STM32F4xx_HAL_Driver/Src/stm32f4xx_hal_uart.o
 .ARM.attributes
                0x000000000000044f       0x34 /opt/st/stm32cubeide_1.11.0_2/plugins/com.st.stm32cube.ide.mcu.externaltools.gnu-tools-for-stm32.10.3-2021.10.linux64_1.0.100.202210260954/tools/bin/../lib/gcc/arm-none-eabi/10.3.1/../../../../arm-none-eabi/lib/thumb/v7e-m+fp/hard/libc_nano.a(lib_a-calloc.o)
 .ARM.attributes
                0x0000000000000483       0x34 /opt/st/stm32cubeide_1.11.0_2/plugins/com.st.stm32cube.ide.mcu.externaltools.gnu-tools-for-stm32.10.3-2021.10.linux64_1.0.100.202210260954/tools/bin/../lib/gcc/arm-none-eabi/10.3.1/../../../../arm-none-eabi/lib/thumb/v7e-m+fp/hard/libc_nano.a(lib_a-errno.o)
 .ARM.attributes
                0x00000000000004b7       0x34 /opt/st/stm32cubeide_1.11.0_2/plugins/com.st.stm32cube.ide.mcu.externaltools.gnu-tools-for-stm32.10.3-2021.10.linux64_1.0.100.202210260954/tools/bin/../lib/gcc/arm-none-eabi/10.3.1/../../../../arm-none-eabi/lib/thumb/v7e-m+fp/hard/libc_nano.a(lib_a-impure.o)
 .ARM.attributes
                0x00000000000004eb       0x34 /opt/st/stm32cubeide_1.11.0_2/plugins/com.st.stm32cube.ide.mcu.externaltools.gnu-tools-for-stm32.10.3-2021.10.linux64_1.0.100.202210260954/tools/bin/../lib/gcc/arm-none-eabi/10.3.1/../../../../arm-none-eabi/lib/thumb/v7e-m+fp/hard/libc_nano.a(lib_a-init.o)
 .ARM.attributes
                0x000000000000051f       0x34 /opt/st/stm32cubeide_1.11.0_2/plugins/com.st.stm32cube.ide.mcu.externaltools.gnu-tools-for-stm32.10.3-2021.10.linux64_1.0.100.202210260954/tools/bin/../lib/gcc/arm-none-eabi/10.3.1/../../../../arm-none-eabi/lib/thumb/v7e-m+fp/hard/libc_nano.a(lib_a-memset.o)
 .ARM.attributes
                0x0000000000000553       0x34 /opt/st/stm32cubeide_1.11.0_2/plugins/com.st.stm32cube.ide.mcu.externaltools.gnu-tools-for-stm32.10.3-2021.10.linux64_1.0.100.202210260954/tools/bin/../lib/gcc/arm-none-eabi/10.3.1/../../../../arm-none-eabi/lib/thumb/v7e-m+fp/hard/libc_nano.a(lib_a-nano-callocr.o)
 .ARM.attributes
                0x0000000000000587       0x34 /opt/st/stm32cubeide_1.11.0_2/plugins/com.st.stm32cube.ide.mcu.externaltools.gnu-tools-for-stm32.10.3-2021.10.linux64_1.0.100.202210260954/tools/bin/../lib/gcc/arm-none-eabi/10.3.1/../../../../arm-none-eabi/lib/thumb/v7e-m+fp/hard/libc_nano.a(lib_a-nano-mallocr.o)
 .ARM.attributes
                0x00000000000005bb       0x34 /opt/st/stm32cubeide_1.11.0_2/plugins/com.st.stm32cube.ide.mcu.externaltools.gnu-tools-for-stm32.10.3-2021.10.linux64_1.0.100.202210260954/tools/bin/../lib/gcc/arm-none-eabi/10.3.1/../../../../arm-none-eabi/lib/thumb/v7e-m+fp/hard/libc_nano.a(lib_a-sbrkr.o)
 .ARM.attributes
                0x00000000000005ef       0x34 /opt/st/stm32cubeide_1.11.0_2/plugins/com.st.stm32cube.ide.mcu.externaltools.gnu-tools-for-stm32.10.3-2021.10.linux64_1.0.100.202210260954/tools/bin/../lib/gcc/arm-none-eabi/10.3.1/../../../../arm-none-eabi/lib/thumb/v7e-m+fp/hard/libc_nano.a(lib_a-snprintf.o)
 .ARM.attributes
                0x0000000000000623       0x34 /opt/st/stm32cubeide_1.11.0_2/plugins/com.st.stm32cube.ide.mcu.externaltools.gnu-tools-for-stm32.10.3-2021.10.linux64_1.0.100.202210260954/tools/bin/../lib/gcc/arm-none-eabi/10.3.1/../../../../arm-none-eabi/lib/thumb/v7e-m+fp/hard/libc_nano.a(lib_a-sprintf.o)
 .ARM.attributes
                0x0000000000000657       0x34 /opt/st/stm32cubeide_1.11.0_2/plugins/com.st.stm32cube.ide.mcu.externaltools.gnu-tools-for-stm32.10.3-2021.10.linux64_1.0.100.202210260954/tools/bin/../lib/gcc/arm-none-eabi/10.3.1/../../../../arm-none-eabi/lib/thumb/v7e-m+fp/hard/libc_nano.a(lib_a-strcpy.o)
 .ARM.attributes
                0x000000000000068b       0x17 /opt/st/stm32cubeide_1.11.0_2/plugins/com.st.stm32cube.ide.mcu.externaltools.gnu-tools-for-stm32.10.3-2021.10.linux64_1.0.100.202210260954/tools/bin/../lib/gcc/arm-none-eabi/10.3.1/../../../../arm-none-eabi/lib/thumb/v7e-m+fp/hard/libc_nano.a(lib_a-strlen.o)
 .ARM.attributes
                0x00000000000006a2       0x34 /opt/st/stm32cubeide_1.11.0_2/plugins/com.st.stm32cube.ide.mcu.externaltools.gnu-tools-for-stm32.10.3-2021.10.linux64_1.0.100.202210260954/tools/bin/../lib/gcc/arm-none-eabi/10.3.1/../../../../arm-none-eabi/lib/thumb/v7e-m+fp/hard/libc_nano.a(lib_a-strncmp.o)
 .ARM.attributes
                0x00000000000006d6       0x34 /opt/st/stm32cubeide_1.11.0_2/plugins/com.st.stm32cube.ide.mcu.externaltools.gnu-tools-for-stm32.10.3-2021.10.linux64_1.0.100.202210260954/tools/bin/../lib/gcc/arm-none-eabi/10.3.1/../../../../arm-none-eabi/lib/thumb/v7e-m+fp/hard/libc_nano.a(lib_a-mlock.o)
 .ARM.attributes
                0x000000000000070a       0x34 /opt/st/stm32cubeide_1.11.0_2/plugins/com.st.stm32cube.ide.mcu.externaltools.gnu-tools-for-stm32.10.3-2021.10.linux64_1.0.100.202210260954/tools/bin/../lib/gcc/arm-none-eabi/10.3.1/../../../../arm-none-eabi/lib/thumb/v7e-m+fp/hard/libc_nano.a(lib_a-nano-svfprintf.o)
 .ARM.attributes
                0x000000000000073e       0x34 /opt/st/stm32cubeide_1.11.0_2/plugins/com.st.stm32cube.ide.mcu.externaltools.gnu-tools-for-stm32.10.3-2021.10.linux64_1.0.100.202210260954/tools/bin/../lib/gcc/arm-none-eabi/10.3.1/../../../../arm-none-eabi/lib/thumb/v7e-m+fp/hard/libc_nano.a(lib_a-nano-vfprintf_i.o)
 .ARM.attributes
                0x0000000000000772       0x34 /opt/st/stm32cubeide_1.11.0_2/plugins/com.st.stm32cube.ide.mcu.externaltools.gnu-tools-for-stm32.10.3-2021.10.linux64_1.0.100.202210260954/tools/bin/../lib/gcc/arm-none-eabi/10.3.1/../../../../arm-none-eabi/lib/thumb/v7e-m+fp/hard/libc_nano.a(lib_a-reent.o)
 .ARM.attributes
                0x00000000000007a6       0x34 /opt/st/stm32cubeide_1.11.0_2/plugins/com.st.stm32cube.ide.mcu.externaltools.gnu-tools-for-stm32.10.3-2021.10.linux64_1.0.100.202210260954/tools/bin/../lib/gcc/arm-none-eabi/10.3.1/../../../../arm-none-eabi/lib/thumb/v7e-m+fp/hard/libc_nano.a(lib_a-lock.o)
 .ARM.attributes
                0x00000000000007da       0x1c /opt/st/stm32cubeide_1.11.0_2/plugins/com.st.stm32cube.ide.mcu.externaltools.gnu-tools-for-stm32.10.3-2021.10.linux64_1.0.100.202210260954/tools/bin/../lib/gcc/arm-none-eabi/10.3.1/../../../../arm-none-eabi/lib/thumb/v7e-m+fp/hard/libc_nano.a(lib_a-memchr.o)
 .ARM.attributes
                0x00000000000007f6       0x34 /opt/st/stm32cubeide_1.11.0_2/plugins/com.st.stm32cube.ide.mcu.externaltools.gnu-tools-for-stm32.10.3-2021.10.linux64_1.0.100.202210260954/tools/bin/../lib/gcc/arm-none-eabi/10.3.1/../../../../arm-none-eabi/lib/thumb/v7e-m+fp/hard/libc_nano.a(lib_a-memcpy-stub.o)
 .ARM.attributes
                0x000000000000082a       0x34 /opt/st/stm32cubeide_1.11.0_2/plugins/com.st.stm32cube.ide.mcu.externaltools.gnu-tools-for-stm32.10.3-2021.10.linux64_1.0.100.202210260954/tools/bin/../lib/gcc/arm-none-eabi/10.3.1/../../../../arm-none-eabi/lib/thumb/v7e-m+fp/hard/libc_nano.a(lib_a-memmove.o)
 .ARM.attributes
                0x000000000000085e       0x34 /opt/st/stm32cubeide_1.11.0_2/plugins/com.st.stm32cube.ide.mcu.externaltools.gnu-tools-for-stm32.10.3-2021.10.linux64_1.0.100.202210260954/tools/bin/../lib/gcc/arm-none-eabi/10.3.1/../../../../arm-none-eabi/lib/thumb/v7e-m+fp/hard/libc_nano.a(lib_a-nano-freer.o)
 .ARM.attributes
                0x0000000000000892       0x34 /opt/st/stm32cubeide_1.11.0_2/plugins/com.st.stm32cube.ide.mcu.externaltools.gnu-tools-for-stm32.10.3-2021.10.linux64_1.0.100.202210260954/tools/bin/../lib/gcc/arm-none-eabi/10.3.1/../../../../arm-none-eabi/lib/thumb/v7e-m+fp/hard/libc_nano.a(lib_a-nano-reallocr.o)
 .ARM.attributes
                0x00000000000008c6       0x34 /opt/st/stm32cubeide_1.11.0_2/plugins/com.st.stm32cube.ide.mcu.externaltools.gnu-tools-for-stm32.10.3-2021.10.linux64_1.0.100.202210260954/tools/bin/../lib/gcc/arm-none-eabi/10.3.1/../../../../arm-none-eabi/lib/thumb/v7e-m+fp/hard/libc_nano.a(lib_a-nano-msizer.o)
 .ARM.attributes
                0x00000000000008fa       0x34 /opt/st/stm32cubeide_1.11.0_2/plugins/com.st.stm32cube.ide.mcu.externaltools.gnu-tools-for-stm32.10.3-2021.10.linux64_1.0.100.202210260954/tools/bin/../lib/gcc/arm-none-eabi/10.3.1/../../../../arm-none-eabi/lib/thumb/v7e-m+fp/hard/libm.a(lib_a-s_fmin.o)
 .ARM.attributes
                0x000000000000092e       0x34 /opt/st/stm32cubeide_1.11.0_2/plugins/com.st.stm32cube.ide.mcu.externaltools.gnu-tools-for-stm32.10.3-2021.10.linux64_1.0.100.202210260954/tools/bin/../lib/gcc/arm-none-eabi/10.3.1/../../../../arm-none-eabi/lib/thumb/v7e-m+fp/hard/libm.a(lib_a-s_fpclassify.o)
 .ARM.attributes
                0x0000000000000962       0x34 /opt/st/stm32cubeide_1.11.0_2/plugins/com.st.stm32cube.ide.mcu.externaltools.gnu-tools-for-stm32.10.3-2021.10.linux64_1.0.100.202210260954/tools/bin/../lib/gcc/arm-none-eabi/10.3.1/../../../../arm-none-eabi/lib/thumb/v7e-m+fp/hard/libm.a(lib_a-w_pow.o)
 .ARM.attributes
                0x0000000000000996       0x34 /opt/st/stm32cubeide_1.11.0_2/plugins/com.st.stm32cube.ide.mcu.externaltools.gnu-tools-for-stm32.10.3-2021.10.linux64_1.0.100.202210260954/tools/bin/../lib/gcc/arm-none-eabi/10.3.1/../../../../arm-none-eabi/lib/thumb/v7e-m+fp/hard/libm.a(lib_a-e_pow.o)
 .ARM.attributes
                0x00000000000009ca       0x34 /opt/st/stm32cubeide_1.11.0_2/plugins/com.st.stm32cube.ide.mcu.externaltools.gnu-tools-for-stm32.10.3-2021.10.linux64_1.0.100.202210260954/tools/bin/../lib/gcc/arm-none-eabi/10.3.1/../../../../arm-none-eabi/lib/thumb/v7e-m+fp/hard/libm.a(lib_a-e_sqrt.o)
 .ARM.attributes
                0x00000000000009fe       0x34 /opt/st/stm32cubeide_1.11.0_2/plugins/com.st.stm32cube.ide.mcu.externaltools.gnu-tools-for-stm32.10.3-2021.10.linux64_1.0.100.202210260954/tools/bin/../lib/gcc/arm-none-eabi/10.3.1/../../../../arm-none-eabi/lib/thumb/v7e-m+fp/hard/libm.a(lib_a-math_err.o)
 .ARM.attributes
                0x0000000000000a32       0x34 /opt/st/stm32cubeide_1.11.0_2/plugins/com.st.stm32cube.ide.mcu.externaltools.gnu-tools-for-stm32.10.3-2021.10.linux64_1.0.100.202210260954/tools/bin/../lib/gcc/arm-none-eabi/10.3.1/../../../../arm-none-eabi/lib/thumb/v7e-m+fp/hard/libm.a(lib_a-s_fabs.o)
 .ARM.attributes
                0x0000000000000a66       0x34 /opt/st/stm32cubeide_1.11.0_2/plugins/com.st.stm32cube.ide.mcu.externaltools.gnu-tools-for-stm32.10.3-2021.10.linux64_1.0.100.202210260954/tools/bin/../lib/gcc/arm-none-eabi/10.3.1/../../../../arm-none-eabi/lib/thumb/v7e-m+fp/hard/libm.a(lib_a-s_finite.o)
 .ARM.attributes
                0x0000000000000a9a       0x34 /opt/st/stm32cubeide_1.11.0_2/plugins/com.st.stm32cube.ide.mcu.externaltools.gnu-tools-for-stm32.10.3-2021.10.linux64_1.0.100.202210260954/tools/bin/../lib/gcc/arm-none-eabi/10.3.1/../../../../arm-none-eabi/lib/thumb/v7e-m+fp/hard/libm.a(lib_a-s_scalbn.o)
 .ARM.attributes
                0x0000000000000ace       0x1e /opt/st/stm32cubeide_1.11.0_2/plugins/com.st.stm32cube.ide.mcu.externaltools.gnu-tools-for-stm32.10.3-2021.10.linux64_1.0.100.202210260954/tools/bin/../lib/gcc/arm-none-eabi/10.3.1/thumb/v7e-m+fp/hard/libgcc.a(_arm_addsubdf3.o)
 .ARM.attributes
                0x0000000000000aec       0x1e /opt/st/stm32cubeide_1.11.0_2/plugins/com.st.stm32cube.ide.mcu.externaltools.gnu-tools-for-stm32.10.3-2021.10.linux64_1.0.100.202210260954/tools/bin/../lib/gcc/arm-none-eabi/10.3.1/thumb/v7e-m+fp/hard/libgcc.a(_arm_muldivdf3.o)
 .ARM.attributes
                0x0000000000000b0a       0x1e /opt/st/stm32cubeide_1.11.0_2/plugins/com.st.stm32cube.ide.mcu.externaltools.gnu-tools-for-stm32.10.3-2021.10.linux64_1.0.100.202210260954/tools/bin/../lib/gcc/arm-none-eabi/10.3.1/thumb/v7e-m+fp/hard/libgcc.a(_arm_cmpdf2.o)
 .ARM.attributes
                0x0000000000000b28       0x1e /opt/st/stm32cubeide_1.11.0_2/plugins/com.st.stm32cube.ide.mcu.externaltools.gnu-tools-for-stm32.10.3-2021.10.linux64_1.0.100.202210260954/tools/bin/../lib/gcc/arm-none-eabi/10.3.1/thumb/v7e-m+fp/hard/libgcc.a(_arm_unorddf2.o)
 .ARM.attributes
                0x0000000000000b46       0x1e /opt/st/stm32cubeide_1.11.0_2/plugins/com.st.stm32cube.ide.mcu.externaltools.gnu-tools-for-stm32.10.3-2021.10.linux64_1.0.100.202210260954/tools/bin/../lib/gcc/arm-none-eabi/10.3.1/thumb/v7e-m+fp/hard/libgcc.a(_arm_fixunsdfsi.o)
 .ARM.attributes
                0x0000000000000b64       0x1e /opt/st/stm32cubeide_1.11.0_2/plugins/com.st.stm32cube.ide.mcu.externaltools.gnu-tools-for-stm32.10.3-2021.10.linux64_1.0.100.202210260954/tools/bin/../lib/gcc/arm-none-eabi/10.3.1/thumb/v7e-m+fp/hard/libgcc.a(_aeabi_uldivmod.o)
 .ARM.attributes
                0x0000000000000b82       0x34 /opt/st/stm32cubeide_1.11.0_2/plugins/com.st.stm32cube.ide.mcu.externaltools.gnu-tools-for-stm32.10.3-2021.10.linux64_1.0.100.202210260954/tools/bin/../lib/gcc/arm-none-eabi/10.3.1/thumb/v7e-m+fp/hard/libgcc.a(_udivmoddi4.o)
 .ARM.attributes
                0x0000000000000bb6       0x1e /opt/st/stm32cubeide_1.11.0_2/plugins/com.st.stm32cube.ide.mcu.externaltools.gnu-tools-for-stm32.10.3-2021.10.linux64_1.0.100.202210260954/tools/bin/../lib/gcc/arm-none-eabi/10.3.1/thumb/v7e-m+fp/hard/libgcc.a(_dvmd_tls.o)
 .ARM.attributes
                0x0000000000000bd4       0x1e /opt/st/stm32cubeide_1.11.0_2/plugins/com.st.stm32cube.ide.mcu.externaltools.gnu-tools-for-stm32.10.3-2021.10.linux64_1.0.100.202210260954/tools/bin/../lib/gcc/arm-none-eabi/10.3.1/thumb/v7e-m+fp/hard/crtn.o
OUTPUT(EDesign.elf elf32-littlearm)
LOAD linker stubs
LOAD /opt/st/stm32cubeide_1.11.0_2/plugins/com.st.stm32cube.ide.mcu.externaltools.gnu-tools-for-stm32.10.3-2021.10.linux64_1.0.100.202210260954/tools/bin/../lib/gcc/arm-none-eabi/10.3.1/../../../../arm-none-eabi/lib/thumb/v7e-m+fp/hard/libc.a
LOAD /opt/st/stm32cubeide_1.11.0_2/plugins/com.st.stm32cube.ide.mcu.externaltools.gnu-tools-for-stm32.10.3-2021.10.linux64_1.0.100.202210260954/tools/bin/../lib/gcc/arm-none-eabi/10.3.1/../../../../arm-none-eabi/lib/thumb/v7e-m+fp/hard/libm.a
LOAD /opt/st/stm32cubeide_1.11.0_2/plugins/com.st.stm32cube.ide.mcu.externaltools.gnu-tools-for-stm32.10.3-2021.10.linux64_1.0.100.202210260954/tools/bin/../lib/gcc/arm-none-eabi/10.3.1/thumb/v7e-m+fp/hard/libgcc.a

.debug_info     0x0000000000000000    0x14a92
 .debug_info    0x0000000000000000      0x615 ./Core/Src/lcd.o
 .debug_info    0x0000000000000615     0x2aa8 ./Core/Src/main.o
 .debug_info    0x00000000000030bd     0x1d50 ./Core/Src/proj_utils.o
 .debug_info    0x0000000000004e0d     0x1835 ./Core/Src/stm32f4xx_hal_msp.o
 .debug_info    0x0000000000006642      0xd2d ./Core/Src/stm32f4xx_it.o
 .debug_info    0x000000000000736f      0x171 ./Core/Src/sysmem.o
 .debug_info    0x00000000000074e0      0x54f ./Core/Src/system_stm32f4xx.o
 .debug_info    0x0000000000007a2f       0x22 ./Core/Startup/startup_stm32f411retx.o
 .debug_info    0x0000000000007a51      0x90d ./Drivers/STM32F4xx_HAL_Driver/Src/stm32f4xx_hal.o
 .debug_info    0x000000000000835e      0xd68 ./Drivers/STM32F4xx_HAL_Driver/Src/stm32f4xx_hal_adc.o
 .debug_info    0x00000000000090c6      0xbd4 ./Drivers/STM32F4xx_HAL_Driver/Src/stm32f4xx_hal_adc_ex.o
 .debug_info    0x0000000000009c9a      0xd8b ./Drivers/STM32F4xx_HAL_Driver/Src/stm32f4xx_hal_cortex.o
 .debug_info    0x000000000000aa25      0x947 ./Drivers/STM32F4xx_HAL_Driver/Src/stm32f4xx_hal_dma.o
 .debug_info    0x000000000000b36c      0x78e ./Drivers/STM32F4xx_HAL_Driver/Src/stm32f4xx_hal_gpio.o
 .debug_info    0x000000000000bafa      0x98d ./Drivers/STM32F4xx_HAL_Driver/Src/stm32f4xx_hal_rcc.o
 .debug_info    0x000000000000c487      0x5d9 ./Drivers/STM32F4xx_HAL_Driver/Src/stm32f4xx_hal_rcc_ex.o
 .debug_info    0x000000000000ca60      0xcf0 ./Drivers/STM32F4xx_HAL_Driver/Src/stm32f4xx_hal_rtc.o
 .debug_info    0x000000000000d750     0x2bb6 ./Drivers/STM32F4xx_HAL_Driver/Src/stm32f4xx_hal_tim.o
 .debug_info    0x0000000000010306     0x15d8 ./Drivers/STM32F4xx_HAL_Driver/Src/stm32f4xx_hal_tim_ex.o
 .debug_info    0x00000000000118de     0x31b4 ./Drivers/STM32F4xx_HAL_Driver/Src/stm32f4xx_hal_uart.o
