../Core/Src/main.c:105:5:main	144	static,ignoring_inline_asm
../Core/Src/main.c:731:6:SystemClock_Config	88	static
../Core/Src/main.c:779:13:MX_ADC1_Init	24	static
../Core/Src/main.c:831:13:MX_RTC_Init	32	static
../Core/Src/main.c:894:13:MX_TIM1_Init	96	static
../Core/Src/main.c:968:13:MX_TIM2_Init	48	static
../Core/Src/main.c:1017:13:MX_TIM3_Init	80	static
../Core/Src/main.c:1089:13:MX_USART2_UART_Init	8	static
../Core/Src/main.c:1120:13:MX_DMA_Init	16	static
../Core/Src/main.c:1142:13:MX_GPIO_Init	48	static
../Core/Src/main.c:1229:6:HAL_GPIO_EXTI_Callback	16	static,ignoring_inline_asm
../Core/Src/main.c:1448:6:HAL_UART_TxCpltCallback	16	static
../Core/Src/main.c:1464:6:HAL_UART_RxCpltCallback	16	static
../Core/Src/main.c:1490:6:HAL_TIM_IC_CaptureCallback	16	static,ignoring_inline_asm
../Core/Src/main.c:1524:6:HAL_TIM_PeriodElapsedCallback	16	static,ignoring_inline_asm
../Core/Src/main.c:1542:6:Error_Handler	4	static,ignoring_inline_asm
