../Core/Src/proj_utils.c:25:6:progInit	16	static
../Core/Src/proj_utils.c:38:6:tempSensorInit	16	static
../Core/Src/proj_utils.c:43:6:calibIinit	16	static
../Core/Src/proj_utils.c:50:6:enviroment_resp	88	dynamic
../Core/Src/proj_utils.c:94:6:solarMeasure_resp	80	static
../Core/Src/proj_utils.c:115:6:int2str	16	static
../Core/Src/proj_utils.c:151:6:setAdcChannel	32	static
../Core/Src/proj_utils.c:163:6:EN_Measure	24	static,ignoring_inline_asm
../Core/Src/proj_utils.c:220:6:SP_Measure	64	static,ignoring_inline_asm
../Core/Src/proj_utils.c:290:6:CA_Measure	24	static,ignoring_inline_asm
../Core/Src/proj_utils.c:415:6:uart_command_set	32	static,ignoring_inline_asm
../Core/Src/proj_utils.c:465:6:tspToTemp	24	static
../Core/Src/proj_utils.c:473:6:taToTemp	32	static
../Core/Src/proj_utils.c:481:6:toLuxTrue	72	static
../Core/Src/proj_utils.c:504:6:toVoltageMeasure	40	static
../Core/Src/proj_utils.c:520:6:toPVMeasures	112	static
../Core/Src/proj_utils.c:571:6:capturePMM	16	static,ignoring_inline_asm
../Core/Src/proj_utils.c:586:6:screenInit	24	static
../Core/Src/proj_utils.c:592:6:setDisplayMode1	24	static
../Core/Src/proj_utils.c:604:6:setDisplayMode2	24	static
../Core/Src/proj_utils.c:609:6:setDisplayMode3	56	static
../Core/Src/proj_utils.c:616:6:displayMode1	16	static
../Core/Src/proj_utils.c:625:6:displayMode2	16	static
../Core/Src/proj_utils.c:634:6:displayMode3	16	static
../Core/Src/proj_utils.c:643:6:switchScreen	16	static,ignoring_inline_asm
../Core/Src/proj_utils.c:674:5:isCommandValid	24	static
../Core/Src/proj_utils.c:691:6:resetStr	16	static
../Core/Src/proj_utils.c:695:10:intAverage	32	static
